Archive member included to satisfy reference by file (symbol)

/home/smolvik/gcc-arm-none-eabi-5_4-2016q3/lib/gcc/arm-none-eabi/5.4.1/armv6-m/libgcc.a(_udivsi3.o)
                              xprintf.o (__aeabi_uidiv)
/home/smolvik/gcc-arm-none-eabi-5_4-2016q3/lib/gcc/arm-none-eabi/5.4.1/armv6-m/libgcc.a(_dvmd_tls.o)
                              /home/smolvik/gcc-arm-none-eabi-5_4-2016q3/lib/gcc/arm-none-eabi/5.4.1/armv6-m/libgcc.a(_udivsi3.o) (__aeabi_idiv0)

Memory Configuration

Name             Origin             Length             Attributes
RAM1             0x20000000         0x00008000         rw
RAM2             0x20100000         0x00004000         xrw
FLASH            0x00000000         0x00020000         xr
*default*        0x00000000         0xffffffff

Linker script and memory map


.text           0x00000000     0x1cf4
                0x00000000                . = ALIGN (0x4)
 *(.interrupt_vector)
 .interrupt_vector
                0x00000000       0xc0 startup.o
                0x00000000                table_interrupt_vector
 *(.text)
 .text          0x000000c0      0x4c4 main.o
                0x000000f8                SystemInit
                0x00000114                sleep
                0x00000140                strlen
                0x0000016c                main
                0x00000240                PortConfig
                0x00000378                ClkConfig
                0x000003ec                TimerConfig
                0x000004e0                uart1_putch
                0x0000050c                UartConfig
 .text          0x00000584      0x844 xprintf.o
                0x00000584                xputc
                0x000005dc                xputs
                0x00000604                xfputs
                0x00000960                xprintf
                0x00000988                xsprintf
                0x000009cc                xfprintf
                0x00000a0c                put_dump
                0x00000b10                xgets
                0x00000bb0                xfgets
                0x00000bec                xatoi
 .text          0x00000dc8        0x0 usb_desc.o
 .text          0x00000dc8       0x68 startup.o
                0x00000dc8                Reset_Handler
                0x00000dc8                handler_reset
                0x00000e28                DMA_Handler
                0x00000e28                UART2_Handler
                0x00000e28                TIMER4_Handler
                0x00000e28                HardFault_Handler
                0x00000e28                ARINC429T2_Handler
                0x00000e28                EXT_INT1_Handler
                0x00000e28                SysTick_Handler
                0x00000e28                PendSV_Handler
                0x00000e28                NMI_Handler
                0x00000e28                ADC_Handler
                0x00000e28                TIMER2_Handler
                0x00000e28                WWDG_Handler
                0x00000e28                POWER_Handler
                0x00000e28                BKP_Handler
                0x00000e28                TIMER1_Handler
                0x00000e28                MIL_STD_1553B1_Handler
                0x00000e28                CAN2_Handler
                0x00000e28                TIMER3_Handler
                0x00000e28                default_handler
                0x00000e28                EXT_INT2_Handler
                0x00000e28                UART1_Handler
                0x00000e28                USB_Handler
                0x00000e28                ETHERNET_Handler
                0x00000e28                ARINC429T4_Handler
                0x00000e28                EXT_INT4_Handler
                0x00000e28                MIL_STD_1553B2_Handler
                0x00000e28                CAN1_Handler
                0x00000e28                EXT_INT3_Handler
                0x00000e28                SVC_Handler
                0x00000e28                BUSY_Handler
                0x00000e28                ARINC429T3_Handler
                0x00000e28                SSP2_Handler
                0x00000e28                SSP3_Handler
                0x00000e28                ARINC429T1_Handler
                0x00000e28                ARINC429R_Handler
                0x00000e28                SSP1_Handler
 .text          0x00000e30      0xa20 usb.o
                0x00000e30                usb_device_init
                0x00000ea8                usb_reset
                0x00000f38                usb_device_update
                0x000010d0                usb_read
                0x00001144                usb_write
                0x000011e0                null_proc
                0x000011ec                enable_RX_proc
                0x00001210                plan_ZeroLength_OUT_proc
                0x00001250                plan_ZeroLength_IN_proc
                0x00001290                plan_Data_IN_proc
                0x00001374                string_descriptor_proc
                0x00001400                get_descriptor_proc
                0x00001504                input0_for_setaddr_proc
                0x00001548                input0_for_setconfig_proc
                0x000015c4                output0_for_setlinecoding_proc
                0x00001690                input0_for_setcontrolline_proc
                0x000016d8                setup0_proc
 .text          0x00001850      0x114 /home/smolvik/gcc-arm-none-eabi-5_4-2016q3/lib/gcc/arm-none-eabi/5.4.1/armv6-m/libgcc.a(_udivsi3.o)
                0x00001850                __udivsi3
                0x00001850                __aeabi_uidiv
                0x0000195c                __aeabi_uidivmod
 .text          0x00001964        0x4 /home/smolvik/gcc-arm-none-eabi-5_4-2016q3/lib/gcc/arm-none-eabi/5.4.1/armv6-m/libgcc.a(_dvmd_tls.o)
                0x00001964                __aeabi_ldiv0
                0x00001964                __aeabi_idiv0
 *(.text*)
 *(.rodata)
 .rodata        0x00001968       0x22 main.o
 *fill*         0x0000198a        0x2 
 .rodata        0x0000198c       0x7b xprintf.o
 *fill*         0x00001a07        0x1 
 .rodata        0x00001a08       0xb6 usb_desc.o
                0x00001a08                Virtual_Com_Port_DeviceDescriptor
                0x00001a1c                Virtual_Com_Port_ConfigDescriptor
                0x00001a60                Virtual_Com_Port_StringLangID
                0x00001a64                Virtual_Com_Port_StringVendor
                0x00001a8c                Virtual_Com_Port_StringProduct
 *fill*         0x00001abe        0x2 
 .rodata        0x00001ac0      0x234 usb.o
 *(.rodata*)
                0x00001cf4                . = ALIGN (0x4)
                0x00001cf4                _data_flash = .

.glue_7         0x00001cf4        0x0
 .glue_7        0x00001cf4        0x0 linker stubs

.glue_7t        0x00001cf4        0x0
 .glue_7t       0x00001cf4        0x0 linker stubs

.vfp11_veneer   0x00001cf4        0x0
 .vfp11_veneer  0x00001cf4        0x0 linker stubs

.v4_bx          0x00001cf4        0x0
 .v4_bx         0x00001cf4        0x0 linker stubs

.iplt           0x00001cf4        0x0
 .iplt          0x00001cf4        0x0 main.o

.rel.dyn        0x00001cf4        0x0
 .rel.iplt      0x00001cf4        0x0 main.o

.data           0x20000000       0x28 load address 0x00001cf4
                0x20000000                . = ALIGN (0x4)
                0x20000000                _data_begin = .
 *(.data)
 .data          0x20000000        0x4 main.o
                0x20000000                test_pwm
 .data          0x20000004        0x0 xprintf.o
 .data          0x20000004       0x1a usb_desc.o
                0x20000004                Virtual_Com_Port_StringSerial
 .data          0x2000001e        0x0 startup.o
 *fill*         0x2000001e        0x2 
 .data          0x20000020        0x8 usb.o
                0x20000020                input0_proc
                0x20000024                output0_proc
 .data          0x20000028        0x0 /home/smolvik/gcc-arm-none-eabi-5_4-2016q3/lib/gcc/arm-none-eabi/5.4.1/armv6-m/libgcc.a(_udivsi3.o)
 .data          0x20000028        0x0 /home/smolvik/gcc-arm-none-eabi-5_4-2016q3/lib/gcc/arm-none-eabi/5.4.1/armv6-m/libgcc.a(_dvmd_tls.o)
 *(.data*)
                0x20000028                . = ALIGN (0x4)
                0x20000028                _data_end = .

.igot.plt       0x20000028        0x0 load address 0x00001d1c
 .igot.plt      0x20000028        0x0 main.o

.bss            0x20000028       0x3c load address 0x00001d1c
                0x20000028                . = ALIGN (0x4)
                0x20000028                _bss_begin = .
                0x20000028                __bss_start__ = _bss_begin
 *(.bss)
 .bss           0x20000028        0xc main.o
                0x20000028                Current_Led
                0x2000002c                i
                0x20000030                system_time
 .bss           0x20000034        0xc xprintf.o
                0x20000034                xfunc_out
                0x2000003c                xfunc_in
 .bss           0x20000040        0x0 usb_desc.o
 .bss           0x20000040        0x0 startup.o
 .bss           0x20000040       0x24 usb.o
                0x20000040                devAddr
                0x20000042                devConfig
                0x20000044                devControlLineState
                0x20000048                uart_linecoding_data
                0x20000050                usbConfigured
                0x20000054                setup_data
                0x2000005c                tx_length
                0x20000060                tx_pbUser
 .bss           0x20000064        0x0 /home/smolvik/gcc-arm-none-eabi-5_4-2016q3/lib/gcc/arm-none-eabi/5.4.1/armv6-m/libgcc.a(_udivsi3.o)
 .bss           0x20000064        0x0 /home/smolvik/gcc-arm-none-eabi-5_4-2016q3/lib/gcc/arm-none-eabi/5.4.1/armv6-m/libgcc.a(_dvmd_tls.o)
 *(.bss*)
 *(COMMON)
                0x20000064                . = ALIGN (0x4)
                0x20000064                _bss_end = .
                0x20000064                __bss_end__ = _bss_end
                0x00000400                _stack_size = 0x400
                0x20008000                _stack_end = (ORIGIN (RAM1) + LENGTH (RAM1))
                0x20007c00                _stack_begin = (_stack_end - _stack_size)
                0x20007c00                . = _stack_begin

._stack         0x20000064      0x400 load address 0x00001d58
                0x20000464                . = (. + _stack_size)
 *fill*         0x20000064      0x400 
LOAD main.o
LOAD xprintf.o
LOAD usb_desc.o
LOAD startup.o
LOAD usb.o
START GROUP
LOAD /home/smolvik/gcc-arm-none-eabi-5_4-2016q3/lib/gcc/arm-none-eabi/5.4.1/armv6-m/libgcc.a
END GROUP
OUTPUT(blink.elf elf32-littlearm)

.debug_info     0x00000000     0x1b0b
 .debug_info    0x00000000      0x8df main.o
 .debug_info    0x000008df      0x4c9 xprintf.o
 .debug_info    0x00000da8      0x14f usb_desc.o
 .debug_info    0x00000ef7       0xf1 startup.o
 .debug_info    0x00000fe8      0xb23 usb.o

.debug_abbrev   0x00000000      0x70d
 .debug_abbrev  0x00000000      0x219 main.o
 .debug_abbrev  0x00000219      0x194 xprintf.o
 .debug_abbrev  0x000003ad       0x75 usb_desc.o
 .debug_abbrev  0x00000422       0xab startup.o
 .debug_abbrev  0x000004cd      0x240 usb.o

.debug_aranges  0x00000000       0x98
 .debug_aranges
                0x00000000       0x20 main.o
 .debug_aranges
                0x00000020       0x20 xprintf.o
 .debug_aranges
                0x00000040       0x18 usb_desc.o
 .debug_aranges
                0x00000058       0x20 startup.o
 .debug_aranges
                0x00000078       0x20 usb.o

.debug_line     0x00000000      0x70e
 .debug_line    0x00000000      0x18b main.o
 .debug_line    0x0000018b      0x2e3 xprintf.o
 .debug_line    0x0000046e       0x4c usb_desc.o
 .debug_line    0x000004ba       0x50 startup.o
 .debug_line    0x0000050a      0x204 usb.o

.debug_str      0x00000000      0xe67
 .debug_str     0x00000000      0x608 main.o
                                0x638 (size before relaxing)
 .debug_str     0x00000608       0xba xprintf.o
                                0x1bd (size before relaxing)
 .debug_str     0x000006c2       0xc8 usb_desc.o
                                0x1df (size before relaxing)
 .debug_str     0x0000078a       0x93 startup.o
                                0x163 (size before relaxing)
 .debug_str     0x0000081d      0x64a usb.o
                                0x917 (size before relaxing)

.comment        0x00000000       0x6e
 .comment       0x00000000       0x6e main.o
                                 0x6f (size before relaxing)
 .comment       0x0000006e       0x6f xprintf.o
 .comment       0x0000006e       0x6f usb_desc.o
 .comment       0x0000006e       0x6f startup.o
 .comment       0x0000006e       0x6f usb.o

.ARM.attributes
                0x00000000       0x31
 .ARM.attributes
                0x00000000       0x31 main.o
 .ARM.attributes
                0x00000031       0x31 xprintf.o
 .ARM.attributes
                0x00000062       0x31 usb_desc.o
 .ARM.attributes
                0x00000093       0x31 startup.o
 .ARM.attributes
                0x000000c4       0x31 usb.o
 .ARM.attributes
                0x000000f5       0x1e /home/smolvik/gcc-arm-none-eabi-5_4-2016q3/lib/gcc/arm-none-eabi/5.4.1/armv6-m/libgcc.a(_udivsi3.o)
 .ARM.attributes
                0x00000113       0x1e /home/smolvik/gcc-arm-none-eabi-5_4-2016q3/lib/gcc/arm-none-eabi/5.4.1/armv6-m/libgcc.a(_dvmd_tls.o)

.debug_frame    0x00000000      0x524
 .debug_frame   0x00000000      0x13c main.o
 .debug_frame   0x0000013c      0x170 xprintf.o
 .debug_frame   0x000002ac       0x4c startup.o
 .debug_frame   0x000002f8      0x20c usb.o
 .debug_frame   0x00000504       0x20 /home/smolvik/gcc-arm-none-eabi-5_4-2016q3/lib/gcc/arm-none-eabi/5.4.1/armv6-m/libgcc.a(_udivsi3.o)
