Archive member included to satisfy reference by file (symbol)

/home/smolvik/gcc-arm-none-eabi-5_4-2016q3/lib/gcc/arm-none-eabi/5.4.1/armv6-m/libgcc.a(_thumb1_case_si.o)
                              regcur.o (__gnu_thumb1_case_si)

Memory Configuration

Name             Origin             Length             Attributes
FLASH            0x00000000         0x00020000         xr
SRAM1            0x20000000         0x00008000         xrw
SRAM2            0x20100000         0x00004000         xrw
*default*        0x00000000         0xffffffff

Linker script and memory map


.text           0x20100000     0x1620
 *(.main_sec)
 .main_sec      0x20100000      0x420 main.o
                0x20100000                main
 *(.text)
 .text          0x20100420      0x524 main.o
                0x20100420                sleep
                0x2010045c                PortConfig
                0x20100594                ClkConfig
                0x20100608                TimerConfig
                0x201007ec                adc_init
                0x20100840                dac_init
                0x2010086c                ssi_init
                0x201008b4                b2g
                0x201008cc                g2b
                0x201008fc                SystemInit
                0x20100924                timer_wait
 .text          0x20100944        0x0 cos_tb.o
 .text          0x20100944      0x82c regcur.o
                0x20100944                mycos
                0x20100970                mysin
                0x201009a4                reg_init
                0x201009d0                reg_update
                0x20100a34                dot3
                0x20100a70                abc_to_dq
                0x20100b60                dq_to_abc
                0x20100c40                cord_atan
                0x20100d68                sinpwm
                0x20100dc0                svpwm
                0x2010105c                get_speed
                0x201010f0                mfilter
 .text          0x20101170      0x108 adc_dma.o
                0x20101170                adc_dma_init
                0x2010120c                adc_dma_start
                0x20101234                adc_dma_wait
 .text          0x20101278       0x18 /home/smolvik/gcc-arm-none-eabi-5_4-2016q3/lib/gcc/arm-none-eabi/5.4.1/armv6-m/libgcc.a(_thumb1_case_si.o)
                0x20101278                __gnu_thumb1_case_si
                0x20101400                . = ALIGN (0x400)
 *fill*         0x20101290      0x170 
 *(.dma_sec)
 .dma_sec       0x20101400      0x220 adc_dma.o
                0x20101400                dma_ctr_str
                0x20101600                adc_dma_buffer

.glue_7         0x20101620        0x0
 .glue_7        0x20101620        0x0 linker stubs

.glue_7t        0x20101620        0x0
 .glue_7t       0x20101620        0x0 linker stubs

.vfp11_veneer   0x20101620        0x0
 .vfp11_veneer  0x20101620        0x0 linker stubs

.v4_bx          0x20101620        0x0
 .v4_bx         0x20101620        0x0 linker stubs

.iplt           0x20101620        0x0
 .iplt          0x20101620        0x0 main.o

.rel.dyn        0x20101620        0x0
 .rel.iplt      0x20101620        0x0 main.o
 .rel.got       0x20101620        0x0 main.o

.rodata         0x20101620     0x1040
 .rodata        0x20101620     0x1000 cos_tb.o
                0x20101620                cos_tb
 .rodata        0x20102620       0x40 regcur.o

.data           0x20000000        0x4
 *(.data)
 .data          0x20000000        0x4 main.o
                0x20000000                test_pwm
 .data          0x20000004        0x0 cos_tb.o
 .data          0x20000004        0x0 regcur.o
 .data          0x20000004        0x0 adc_dma.o
 .data          0x20000004        0x0 /home/smolvik/gcc-arm-none-eabi-5_4-2016q3/lib/gcc/arm-none-eabi/5.4.1/armv6-m/libgcc.a(_thumb1_case_si.o)

.igot.plt       0x20000004        0x0
 .igot.plt      0x20000004        0x0 main.o

.got            0x20000004        0x8
 .got           0x20000004        0x8 main.o

.got.plt        0x2000000c        0xc
 .got.plt       0x2000000c        0xc main.o
                0x2000000c                _GLOBAL_OFFSET_TABLE_

.bss            0x20000018       0x9c
 *(.bss)
 .bss           0x20000018        0xc main.o
                0x20000018                refpos
                0x2000001c                reflinpos
                0x20000020                system_time
 .bss           0x20000024        0x0 cos_tb.o
 .bss           0x20000024       0x90 regcur.o
 .bss           0x200000b4        0x0 adc_dma.o
 .bss           0x200000b4        0x0 /home/smolvik/gcc-arm-none-eabi-5_4-2016q3/lib/gcc/arm-none-eabi/5.4.1/armv6-m/libgcc.a(_thumb1_case_si.o)
LOAD main.o
LOAD cos_tb.o
LOAD regcur.o
LOAD adc_dma.o
START GROUP
LOAD /home/smolvik/gcc-arm-none-eabi-5_4-2016q3/lib/gcc/arm-none-eabi/5.4.1/armv6-m/libgcc.a
END GROUP
OUTPUT(bue.elf elf32-littlearm)

.debug_info     0x00000000     0x1221
 .debug_info    0x00000000      0x89c main.o
 .debug_info    0x0000089c       0x97 cos_tb.o
 .debug_info    0x00000933      0x55d regcur.o
 .debug_info    0x00000e90      0x391 adc_dma.o

.debug_abbrev   0x00000000      0x471
 .debug_abbrev  0x00000000      0x19e main.o
 .debug_abbrev  0x0000019e       0x75 cos_tb.o
 .debug_abbrev  0x00000213      0x19a regcur.o
 .debug_abbrev  0x000003ad       0xc4 adc_dma.o

.debug_aranges  0x00000000       0x80
 .debug_aranges
                0x00000000       0x28 main.o
 .debug_aranges
                0x00000028       0x18 cos_tb.o
 .debug_aranges
                0x00000040       0x20 regcur.o
 .debug_aranges
                0x00000060       0x20 adc_dma.o

.debug_ranges   0x00000000       0x18
 .debug_ranges  0x00000000       0x18 main.o

.debug_line     0x00000000      0x476
 .debug_line    0x00000000      0x23e main.o
 .debug_line    0x0000023e       0x4a cos_tb.o
 .debug_line    0x00000288      0x137 regcur.o
 .debug_line    0x000003bf       0xb7 adc_dma.o

.debug_str      0x00000000      0x6bc
 .debug_str     0x00000000      0x493 main.o
                                0x4d4 (size before relaxing)
 .debug_str     0x00000493       0x10 cos_tb.o
                                0x114 (size before relaxing)
 .debug_str     0x000004a3       0x97 regcur.o
                                0x1be (size before relaxing)
 .debug_str     0x0000053a      0x182 adc_dma.o
                                0x3f1 (size before relaxing)

.comment        0x00000000       0x6e
 .comment       0x00000000       0x6e main.o
                                 0x6f (size before relaxing)
 .comment       0x0000006e       0x6f cos_tb.o
 .comment       0x0000006e       0x6f regcur.o
 .comment       0x0000006e       0x6f adc_dma.o

.ARM.attributes
                0x00000000       0x31
 .ARM.attributes
                0x00000000       0x31 main.o
 .ARM.attributes
                0x00000031       0x31 cos_tb.o
 .ARM.attributes
                0x00000062       0x31 regcur.o
 .ARM.attributes
                0x00000093       0x31 adc_dma.o
 .ARM.attributes
                0x000000c4       0x1e /home/smolvik/gcc-arm-none-eabi-5_4-2016q3/lib/gcc/arm-none-eabi/5.4.1/armv6-m/libgcc.a(_thumb1_case_si.o)

.debug_frame    0x00000000      0x368
 .debug_frame   0x00000000      0x170 main.o
 .debug_frame   0x00000170      0x194 regcur.o
 .debug_frame   0x00000304       0x64 adc_dma.o
