Archive member included to satisfy reference by file (symbol)

/home/smolvik/gcc-arm-none-eabi-5_4-2016q3/lib/gcc/arm-none-eabi/5.4.1/armv6-m/libgcc.a(_thumb1_case_uqi.o)
                              regcur.o (__gnu_thumb1_case_uqi)

Memory Configuration

Name             Origin             Length             Attributes
FLASH            0x00000000         0x00020000         xr
SRAM1            0x20000000         0x00008000         xrw
SRAM2            0x20100000         0x00004000         xrw
*default*        0x00000000         0xffffffff

Linker script and memory map


.text           0x20100000     0x1620
 *(.main_sec)
 .main_sec      0x20100000      0x488 main.o
                0x20100000                main
 *(.text)
 .text          0x20100488      0x584 main.o
                0x20100488                sleep
                0x201004c4                PortConfig
                0x20100638                ClkConfig
                0x201006ac                TimerConfig
                0x201008b4                adc_init
                0x20100908                dac_init
                0x20100934                ssi_init
                0x2010097c                b2g
                0x20100994                g2b
                0x201009c4                SystemInit
                0x201009ec                timer_wait
 .text          0x20100a0c        0x0 cos_tb.o
 .text          0x20100a0c      0x734 regcur.o
                0x20100a0c                mycos
                0x20100a2c                mysin
                0x20100a54                reg_init
                0x20100a60                reg_update
                0x20100a90                cord_atan
                0x20100c34                sinpwm
                0x20100d50                svpwm
                0x201010c8                get_speed
                0x20101118                c_mfilter
 .text          0x20101140      0x108 adc_dma.o
                0x20101140                adc_dma_init
                0x201011dc                adc_dma_start
                0x20101204                adc_dma_wait
 *fill*         0x20101248        0x8 
 .text          0x20101250      0x188 dsp.o
                0x20101250                asm_test_loop
                0x201012a2                abc_to_dq
                0x2010130a                dq_to_abc
                0x20101388                mfilter
                0x201013ac                dot3
 .text          0x201013d8       0x14 /home/smolvik/gcc-arm-none-eabi-5_4-2016q3/lib/gcc/arm-none-eabi/5.4.1/armv6-m/libgcc.a(_thumb1_case_uqi.o)
                0x201013d8                __gnu_thumb1_case_uqi
                0x20101400                . = ALIGN (0x400)
 *fill*         0x201013ec       0x14 
 *(.dma_sec)
 .dma_sec       0x20101400      0x220 adc_dma.o
                0x20101400                dma_ctr_str
                0x20101600                adc_dma_buffer

.glue_7         0x20101620        0x0
 .glue_7        0x20101620        0x0 linker stubs

.glue_7t        0x20101620        0x0
 .glue_7t       0x20101620        0x0 linker stubs

.vfp11_veneer   0x20101620        0x0
 .vfp11_veneer  0x20101620        0x0 linker stubs

.v4_bx          0x20101620        0x0
 .v4_bx         0x20101620        0x0 linker stubs

.iplt           0x20101620        0x0
 .iplt          0x20101620        0x0 main.o

.rel.dyn        0x20101620        0x0
 .rel.iplt      0x20101620        0x0 main.o
 .rel.got       0x20101620        0x0 main.o

.rodata         0x20101620     0x1040
 .rodata        0x20101620     0x1000 cos_tb.o
                0x20101620                cos_tb
 .rodata        0x20102620       0x40 regcur.o

.data           0x20000000       0x8c
 *(.data)
 .data          0x20000000        0x4 main.o
                0x20000000                test_pwm
 .data          0x20000004        0x0 cos_tb.o
 .data          0x20000004        0x0 regcur.o
 .data          0x20000004        0x0 adc_dma.o
 .data          0x20000004       0x88 dsp.o
 .data          0x2000008c        0x0 /home/smolvik/gcc-arm-none-eabi-5_4-2016q3/lib/gcc/arm-none-eabi/5.4.1/armv6-m/libgcc.a(_thumb1_case_uqi.o)

.igot.plt       0x2000008c        0x0
 .igot.plt      0x2000008c        0x0 main.o

.got            0x2000008c        0x8
 .got           0x2000008c        0x8 main.o

.got.plt        0x20000094        0xc
 .got.plt       0x20000094        0xc main.o
                0x20000094                _GLOBAL_OFFSET_TABLE_

.bss            0x200000a0       0xa8
 *(.bss)
 .bss           0x200000a0       0x18 main.o
                0x200000a0                refpos
                0x200000a4                reflinpos
                0x200000a8                startlinpos
                0x200000ac                startphase
                0x200000b0                linpos
                0x200000b4                system_time
 .bss           0x200000b8        0x0 cos_tb.o
 .bss           0x200000b8       0x90 regcur.o
 .bss           0x20000148        0x0 adc_dma.o
 .bss           0x20000148        0x0 dsp.o
 .bss           0x20000148        0x0 /home/smolvik/gcc-arm-none-eabi-5_4-2016q3/lib/gcc/arm-none-eabi/5.4.1/armv6-m/libgcc.a(_thumb1_case_uqi.o)
LOAD main.o
LOAD cos_tb.o
LOAD regcur.o
LOAD adc_dma.o
LOAD dsp.o
START GROUP
LOAD /home/smolvik/gcc-arm-none-eabi-5_4-2016q3/lib/gcc/arm-none-eabi/5.4.1/armv6-m/libgcc.a
END GROUP
OUTPUT(bue.elf elf32-littlearm)

.debug_info     0x00000000     0x1469
 .debug_info    0x00000000      0x8ae main.o
 .debug_info    0x000008ae       0x97 cos_tb.o
 .debug_info    0x00000945      0x73d regcur.o
 .debug_info    0x00001082      0x391 adc_dma.o
 .debug_info    0x00001413       0x56 dsp.o

.debug_abbrev   0x00000000      0x5a1
 .debug_abbrev  0x00000000      0x1b6 main.o
 .debug_abbrev  0x000001b6       0x75 cos_tb.o
 .debug_abbrev  0x0000022b      0x29e regcur.o
 .debug_abbrev  0x000004c9       0xc4 adc_dma.o
 .debug_abbrev  0x0000058d       0x14 dsp.o

.debug_aranges  0x00000000       0xa0
 .debug_aranges
                0x00000000       0x28 main.o
 .debug_aranges
                0x00000028       0x18 cos_tb.o
 .debug_aranges
                0x00000040       0x20 regcur.o
 .debug_aranges
                0x00000060       0x20 adc_dma.o
 .debug_aranges
                0x00000080       0x20 dsp.o

.debug_ranges   0x00000000      0x208
 .debug_ranges  0x00000000       0x18 main.o
 .debug_ranges  0x00000018      0x1f0 regcur.o

.debug_line     0x00000000      0x743
 .debug_line    0x00000000      0x249 main.o
 .debug_line    0x00000249       0x4a cos_tb.o
 .debug_line    0x00000293      0x324 regcur.o
 .debug_line    0x000005b7       0xb7 adc_dma.o
 .debug_line    0x0000066e       0xd5 dsp.o

.debug_str      0x00000000      0x723
 .debug_str     0x00000000      0x493 main.o
                                0x4d4 (size before relaxing)
 .debug_str     0x00000493       0x10 cos_tb.o
                                0x114 (size before relaxing)
 .debug_str     0x000004a3       0xfe regcur.o
                                0x1ab (size before relaxing)
 .debug_str     0x000005a1      0x182 adc_dma.o
                                0x3f1 (size before relaxing)

.comment        0x00000000       0x6e
 .comment       0x00000000       0x6e main.o
                                 0x6f (size before relaxing)
 .comment       0x0000006e       0x6f cos_tb.o
 .comment       0x0000006e       0x6f regcur.o
 .comment       0x0000006e       0x6f adc_dma.o

.ARM.attributes
                0x00000000       0x2f
 .ARM.attributes
                0x00000000       0x31 main.o
 .ARM.attributes
                0x00000031       0x31 cos_tb.o
 .ARM.attributes
                0x00000062       0x31 regcur.o
 .ARM.attributes
                0x00000093       0x31 adc_dma.o
 .ARM.attributes
                0x000000c4       0x21 dsp.o
 .ARM.attributes
                0x000000e5       0x1e /home/smolvik/gcc-arm-none-eabi-5_4-2016q3/lib/gcc/arm-none-eabi/5.4.1/armv6-m/libgcc.a(_thumb1_case_uqi.o)

.debug_frame    0x00000000      0x2dc
 .debug_frame   0x00000000      0x170 main.o
 .debug_frame   0x00000170      0x108 regcur.o
 .debug_frame   0x00000278       0x64 adc_dma.o

.debug_loc      0x00000000     0x1e3b
 .debug_loc     0x00000000     0x1e3b regcur.o
