Archive member included to satisfy reference by file (symbol)

/home/smolvik/gcc-arm-none-eabi-5_4-2016q3/lib/gcc/arm-none-eabi/5.4.1/armv6-m/libgcc.a(_thumb1_case_si.o)
                              regcur.o (__gnu_thumb1_case_si)

Memory Configuration

Name             Origin             Length             Attributes
FLASH            0x00000000         0x00020000         xr
SRAM1            0x20000000         0x00008000         xrw
SRAM2            0x20100000         0x00004000         xrw
*default*        0x00000000         0xffffffff

Linker script and memory map


.text           0x20100000     0x1620
 *(.main_sec)
 .main_sec      0x20100000      0x114 main.o
                0x20100000                main
 *(.text)
 .text          0x20100114      0x524 main.o
                0x20100114                sleep
                0x20100150                PortConfig
                0x20100288                ClkConfig
                0x201002fc                TimerConfig
                0x201004e0                adc_init
                0x20100534                dac_init
                0x20100560                ssi_init
                0x201005a8                b2g
                0x201005c0                g2b
                0x201005f0                SystemInit
                0x20100618                timer_wait
 .text          0x20100638        0x0 cos_tb.o
 .text          0x20100638      0x7f0 regcur.o
                0x20100638                mycos
                0x20100664                mysin
                0x20100698                reg_init
                0x201006c4                reg_update
                0x20100728                abc_to_dq
                0x20100818                dq_to_abc
                0x201008f8                cord_atan
                0x20100a20                sinpwm
                0x20100a78                svpwm
                0x20100d14                get_speed
                0x20100da8                c_mfilter
 .text          0x20100e28      0x108 adc_dma.o
                0x20100e28                adc_dma_init
                0x20100ec4                adc_dma_start
                0x20100eec                adc_dma_wait
 .text          0x20100f30       0xd8 dsp.o
                0x20100f30                asm_dq_to_abc
                0x20100fb8                mfilter
                0x20100fdc                dot3
 .text          0x20101008       0x18 /home/smolvik/gcc-arm-none-eabi-5_4-2016q3/lib/gcc/arm-none-eabi/5.4.1/armv6-m/libgcc.a(_thumb1_case_si.o)
                0x20101008                __gnu_thumb1_case_si
                0x20101400                . = ALIGN (0x400)
 *fill*         0x20101020      0x3e0 
 *(.dma_sec)
 .dma_sec       0x20101400      0x220 adc_dma.o
                0x20101400                dma_ctr_str
                0x20101600                adc_dma_buffer

.glue_7         0x20101620        0x0
 .glue_7        0x20101620        0x0 linker stubs

.glue_7t        0x20101620        0x0
 .glue_7t       0x20101620        0x0 linker stubs

.vfp11_veneer   0x20101620        0x0
 .vfp11_veneer  0x20101620        0x0 linker stubs

.v4_bx          0x20101620        0x0
 .v4_bx         0x20101620        0x0 linker stubs

.iplt           0x20101620        0x0
 .iplt          0x20101620        0x0 main.o

.rel.dyn        0x20101620        0x0
 .rel.iplt      0x20101620        0x0 main.o
 .rel.got       0x20101620        0x0 main.o

.rodata         0x20101620     0x1040
 .rodata        0x20101620     0x1000 cos_tb.o
                0x20101620                cos_tb
 .rodata        0x20102620       0x40 regcur.o

.data           0x20000000       0x8c
 *(.data)
 .data          0x20000000        0x4 main.o
                0x20000000                test_pwm
 .data          0x20000004        0x0 cos_tb.o
 .data          0x20000004        0x0 regcur.o
 .data          0x20000004        0x0 adc_dma.o
 .data          0x20000004       0x88 dsp.o
 .data          0x2000008c        0x0 /home/smolvik/gcc-arm-none-eabi-5_4-2016q3/lib/gcc/arm-none-eabi/5.4.1/armv6-m/libgcc.a(_thumb1_case_si.o)

.igot.plt       0x2000008c        0x0
 .igot.plt      0x2000008c        0x0 main.o

.got            0x2000008c        0x8
 .got           0x2000008c        0x8 main.o

.got.plt        0x20000094        0xc
 .got.plt       0x20000094        0xc main.o
                0x20000094                _GLOBAL_OFFSET_TABLE_

.bss            0x200000a0       0xa8
 *(.bss)
 .bss           0x200000a0       0x18 main.o
                0x200000a0                refpos
                0x200000a4                reflinpos
                0x200000a8                startlinpos
                0x200000ac                startphase
                0x200000b0                linpos
                0x200000b4                system_time
 .bss           0x200000b8        0x0 cos_tb.o
 .bss           0x200000b8       0x90 regcur.o
 .bss           0x20000148        0x0 adc_dma.o
 .bss           0x20000148        0x0 dsp.o
 .bss           0x20000148        0x0 /home/smolvik/gcc-arm-none-eabi-5_4-2016q3/lib/gcc/arm-none-eabi/5.4.1/armv6-m/libgcc.a(_thumb1_case_si.o)
LOAD main.o
LOAD cos_tb.o
LOAD regcur.o
LOAD adc_dma.o
LOAD dsp.o
START GROUP
LOAD /home/smolvik/gcc-arm-none-eabi-5_4-2016q3/lib/gcc/arm-none-eabi/5.4.1/armv6-m/libgcc.a
END GROUP
OUTPUT(bue.elf elf32-littlearm)

.debug_info     0x00000000     0x123a
 .debug_info    0x00000000      0x891 main.o
 .debug_info    0x00000891       0x97 cos_tb.o
 .debug_info    0x00000928      0x52b regcur.o
 .debug_info    0x00000e53      0x391 adc_dma.o
 .debug_info    0x000011e4       0x56 dsp.o

.debug_abbrev   0x00000000      0x4aa
 .debug_abbrev  0x00000000      0x1c3 main.o
 .debug_abbrev  0x000001c3       0x75 cos_tb.o
 .debug_abbrev  0x00000238      0x19a regcur.o
 .debug_abbrev  0x000003d2       0xc4 adc_dma.o
 .debug_abbrev  0x00000496       0x14 dsp.o

.debug_aranges  0x00000000       0xa0
 .debug_aranges
                0x00000000       0x28 main.o
 .debug_aranges
                0x00000028       0x18 cos_tb.o
 .debug_aranges
                0x00000040       0x20 regcur.o
 .debug_aranges
                0x00000060       0x20 adc_dma.o
 .debug_aranges
                0x00000080       0x20 dsp.o

.debug_ranges   0x00000000       0x18
 .debug_ranges  0x00000000       0x18 main.o

.debug_line     0x00000000      0x4d3
 .debug_line    0x00000000      0x209 main.o
 .debug_line    0x00000209       0x4a cos_tb.o
 .debug_line    0x00000253      0x135 regcur.o
 .debug_line    0x00000388       0xb7 adc_dma.o
 .debug_line    0x0000043f       0x94 dsp.o

.debug_str      0x00000000      0x6b9
 .debug_str     0x00000000      0x493 main.o
                                0x4d4 (size before relaxing)
 .debug_str     0x00000493       0x10 cos_tb.o
                                0x114 (size before relaxing)
 .debug_str     0x000004a3       0x94 regcur.o
                                0x1bb (size before relaxing)
 .debug_str     0x00000537      0x182 adc_dma.o
                                0x3f1 (size before relaxing)

.comment        0x00000000       0x6e
 .comment       0x00000000       0x6e main.o
                                 0x6f (size before relaxing)
 .comment       0x0000006e       0x6f cos_tb.o
 .comment       0x0000006e       0x6f regcur.o
 .comment       0x0000006e       0x6f adc_dma.o

.ARM.attributes
                0x00000000       0x2f
 .ARM.attributes
                0x00000000       0x31 main.o
 .ARM.attributes
                0x00000031       0x31 cos_tb.o
 .ARM.attributes
                0x00000062       0x31 regcur.o
 .ARM.attributes
                0x00000093       0x31 adc_dma.o
 .ARM.attributes
                0x000000c4       0x21 dsp.o
 .ARM.attributes
                0x000000e5       0x1e /home/smolvik/gcc-arm-none-eabi-5_4-2016q3/lib/gcc/arm-none-eabi/5.4.1/armv6-m/libgcc.a(_thumb1_case_si.o)

.debug_frame    0x00000000      0x348
 .debug_frame   0x00000000      0x170 main.o
 .debug_frame   0x00000170      0x174 regcur.o
 .debug_frame   0x000002e4       0x64 adc_dma.o
