
Memory Configuration

Name             Origin             Length             Attributes
RAM1             0x20000000         0x00008000         rw
RAM2             0x20100000         0x00004000         xrw
FLASH            0x00000000         0x00020000         xr
*default*        0x00000000         0xffffffff

Linker script and memory map


.text           0x00000000      0x3e8
                0x00000000                . = ALIGN (0x4)
 *(.interrupt_vector)
 .interrupt_vector
                0x00000000       0xc0 startup.o
                0x00000000                table_interrupt_vector
 *(.text)
 .text          0x000000c0      0x2c0 main.o
                0x000001a4                sleep
                0x000001d0                main
                0x000001f0                PortConfig
                0x00000238                ClkConfig
                0x000002ac                TimerConfig
                0x0000031c                SystemInit
                0x00000340                SysTick_Handler
                0x00000358                TIMER1_Handler
 .text          0x00000380       0x68 startup.o
                0x00000380                Reset_Handler
                0x00000380                handler_reset
                0x000003e0                DMA_Handler
                0x000003e0                UART2_Handler
                0x000003e0                TIMER4_Handler
                0x000003e0                HardFault_Handler
                0x000003e0                ARINC429T2_Handler
                0x000003e0                EXT_INT1_Handler
                0x000003e0                PendSV_Handler
                0x000003e0                NMI_Handler
                0x000003e0                ADC_Handler
                0x000003e0                TIMER2_Handler
                0x000003e0                WWDG_Handler
                0x000003e0                POWER_Handler
                0x000003e0                BKP_Handler
                0x000003e0                MIL_STD_1553B1_Handler
                0x000003e0                CAN2_Handler
                0x000003e0                TIMER3_Handler
                0x000003e0                default_handler
                0x000003e0                EXT_INT2_Handler
                0x000003e0                UART1_Handler
                0x000003e0                USB_Handler
                0x000003e0                ETHERNET_Handler
                0x000003e0                ARINC429T4_Handler
                0x000003e0                EXT_INT4_Handler
                0x000003e0                MIL_STD_1553B2_Handler
                0x000003e0                CAN1_Handler
                0x000003e0                EXT_INT3_Handler
                0x000003e0                SVC_Handler
                0x000003e0                BUSY_Handler
                0x000003e0                ARINC429T3_Handler
                0x000003e0                SSP2_Handler
                0x000003e0                SSP3_Handler
                0x000003e0                ARINC429T1_Handler
                0x000003e0                ARINC429R_Handler
                0x000003e0                SSP1_Handler
 *(.text*)
 *(.rodata)
 *(.rodata*)
                0x000003e8                . = ALIGN (0x4)
                0x000003e8                _data_flash = .

.glue_7         0x000003e8        0x0
 .glue_7        0x000003e8        0x0 linker stubs

.glue_7t        0x000003e8        0x0
 .glue_7t       0x000003e8        0x0 linker stubs

.vfp11_veneer   0x000003e8        0x0
 .vfp11_veneer  0x000003e8        0x0 linker stubs

.v4_bx          0x000003e8        0x0
 .v4_bx         0x000003e8        0x0 linker stubs

.iplt           0x000003e8        0x0
 .iplt          0x000003e8        0x0 main.o

.rel.dyn        0x000003e8        0x0
 .rel.iplt      0x000003e8        0x0 main.o

.data           0x20000000        0x0 load address 0x000003e8
                0x20000000                . = ALIGN (0x4)
                0x20000000                _data_begin = .
 *(.data)
 .data          0x20000000        0x0 main.o
 .data          0x20000000        0x0 startup.o
 *(.data*)
                0x20000000                . = ALIGN (0x4)
                0x20000000                _data_end = .

.igot.plt       0x20000000        0x0 load address 0x000003e8
 .igot.plt      0x20000000        0x0 main.o

.bss            0x20000000        0xc load address 0x000003e8
                0x20000000                . = ALIGN (0x4)
                0x20000000                _bss_begin = .
                0x20000000                __bss_start__ = _bss_begin
 *(.bss)
 .bss           0x20000000        0xc main.o
                0x20000000                Current_Led
                0x20000004                i
                0x20000008                system_time
 .bss           0x2000000c        0x0 startup.o
 *(.bss*)
 *(COMMON)
                0x2000000c                . = ALIGN (0x4)
                0x2000000c                _bss_end = .
                0x2000000c                __bss_end__ = _bss_end
                0x00000400                _stack_size = 0x400
                0x20008000                _stack_end = (ORIGIN (RAM1) + LENGTH (RAM1))
                0x20007c00                _stack_begin = (_stack_end - _stack_size)
                0x20007c00                . = _stack_begin

._stack         0x2000000c      0x400 load address 0x000003f4
                0x2000040c                . = (. + _stack_size)
 *fill*         0x2000000c      0x400 
LOAD main.o
LOAD startup.o
OUTPUT(blink.elf elf32-littlearm)

.debug_info     0x00000000      0x9d0
 .debug_info    0x00000000      0x8df main.o
 .debug_info    0x000008df       0xf1 startup.o

.debug_abbrev   0x00000000      0x2b2
 .debug_abbrev  0x00000000      0x207 main.o
 .debug_abbrev  0x00000207       0xab startup.o

.debug_aranges  0x00000000       0x40
 .debug_aranges
                0x00000000       0x20 main.o
 .debug_aranges
                0x00000020       0x20 startup.o

.debug_line     0x00000000      0x17f
 .debug_line    0x00000000      0x12f main.o
 .debug_line    0x0000012f       0x50 startup.o

.debug_str      0x00000000      0x6d2
 .debug_str     0x00000000      0x62d main.o
                                0x658 (size before relaxing)
 .debug_str     0x0000062d       0xa5 startup.o
                                0x162 (size before relaxing)

.comment        0x00000000       0x6e
 .comment       0x00000000       0x6e main.o
                                 0x6f (size before relaxing)
 .comment       0x0000006e       0x6f startup.o

.ARM.attributes
                0x00000000       0x31
 .ARM.attributes
                0x00000000       0x31 main.o
 .ARM.attributes
                0x00000031       0x31 startup.o

.debug_frame    0x00000000      0x1a0
 .debug_frame   0x00000000      0x154 main.o
 .debug_frame   0x00000154       0x4c startup.o
