
Memory Configuration

Name             Origin             Length             Attributes
FLASH            0x00000000         0x00020000         xr
SRAM1            0x20000000         0x00008000         xrw
SRAM2            0x20100000         0x00004000         xrw
*default*        0x00000000         0xffffffff

Linker script and memory map


.text           0x20100000       0x9c
 *(.text)
 .text          0x20100000       0x9c main.o
                0x20100000                main
                0x20100058                PortConfig

.glue_7         0x2010009c        0x0
 .glue_7        0x2010009c        0x0 linker stubs

.glue_7t        0x2010009c        0x0
 .glue_7t       0x2010009c        0x0 linker stubs

.vfp11_veneer   0x2010009c        0x0
 .vfp11_veneer  0x2010009c        0x0 linker stubs

.v4_bx          0x2010009c        0x0
 .v4_bx         0x2010009c        0x0 linker stubs

.iplt           0x2010009c        0x0
 .iplt          0x2010009c        0x0 main.o

.rel.dyn        0x2010009c        0x0
 .rel.iplt      0x2010009c        0x0 main.o

.data           0x20000000        0x0
 *(.data)
 .data          0x20000000        0x0 main.o

.igot.plt       0x20000000        0x0
 .igot.plt      0x20000000        0x0 main.o

.bss            0x20000000        0x8
 *(.bss)
 .bss           0x20000000        0x8 main.o
                0x20000000                Current_Led
                0x20000004                i
LOAD main.o
OUTPUT(blink.elf elf32-littlearm)

.debug_info     0x00000000      0x210
 .debug_info    0x00000000      0x210 main.o

.debug_abbrev   0x00000000       0xcc
 .debug_abbrev  0x00000000       0xcc main.o

.debug_aranges  0x00000000       0x20
 .debug_aranges
                0x00000000       0x20 main.o

.debug_line     0x00000000       0x9c
 .debug_line    0x00000000       0x9c main.o

.debug_str      0x00000000      0x1ea
 .debug_str     0x00000000      0x1ea main.o
                                0x203 (size before relaxing)

.comment        0x00000000       0x6e
 .comment       0x00000000       0x6e main.o
                                 0x6f (size before relaxing)

.ARM.attributes
                0x00000000       0x31
 .ARM.attributes
                0x00000000       0x31 main.o

.debug_frame    0x00000000       0x48
 .debug_frame   0x00000000       0x48 main.o
