
Memory Configuration

Name             Origin             Length             Attributes
RAM1             0x20000000         0x00008000         rw
RAM2             0x20100000         0x00004000         xrw
FLASH            0x00000000         0x00020000         xr
*default*        0x00000000         0xffffffff

Linker script and memory map


.text           0x00000000     0x23ac
                0x00000000                . = ALIGN (0x4)
 *(.interrupt_vector)
 .interrupt_vector
                0x00000000       0xc0 startup.o
                0x00000000                table_interrupt_vector
 *(.text)
 .text          0x000000c0      0x478 main.o
                0x000000c0                sleep
                0x000000ec                b2g
                0x00000104                g2b
                0x00000134                main
                0x00000504                TIMER4_Handler
 .text          0x00000538        0x0 cos_tb.o
 .text          0x00000538       0x68 startup.o
                0x00000538                Reset_Handler
                0x00000538                handler_reset
                0x00000598                DMA_Handler
                0x00000598                UART2_Handler
                0x00000598                HardFault_Handler
                0x00000598                ARINC429T2_Handler
                0x00000598                EXT_INT1_Handler
                0x00000598                SysTick_Handler
                0x00000598                PendSV_Handler
                0x00000598                NMI_Handler
                0x00000598                ADC_Handler
                0x00000598                TIMER2_Handler
                0x00000598                WWDG_Handler
                0x00000598                POWER_Handler
                0x00000598                BKP_Handler
                0x00000598                TIMER1_Handler
                0x00000598                MIL_STD_1553B1_Handler
                0x00000598                CAN2_Handler
                0x00000598                TIMER3_Handler
                0x00000598                default_handler
                0x00000598                EXT_INT2_Handler
                0x00000598                UART1_Handler
                0x00000598                USB_Handler
                0x00000598                ETHERNET_Handler
                0x00000598                ARINC429T4_Handler
                0x00000598                EXT_INT4_Handler
                0x00000598                MIL_STD_1553B2_Handler
                0x00000598                CAN1_Handler
                0x00000598                EXT_INT3_Handler
                0x00000598                SVC_Handler
                0x00000598                BUSY_Handler
                0x00000598                ARINC429T3_Handler
                0x00000598                SSP2_Handler
                0x00000598                SSP3_Handler
                0x00000598                ARINC429T1_Handler
                0x00000598                ARINC429R_Handler
                0x00000598                SSP1_Handler
 .text          0x000005a0      0x804 dsp.o
                0x000005a0                reg_init
                0x000005ac                reg_update
                0x000005dc                abc_to_dq
                0x00000664                dq_to_abc
                0x000006e0                cord_atan
                0x0000087c                sinpwm
                0x00000a34                svpwm
                0x00000d30                get_speed
                0x00000d7c                mfilter
 .text          0x00000da4      0x5b0 system.o
                0x00000ddc                PortConfig
                0x00000f14                ClkConfig
                0x00000f88                TimerConfig
                0x00001170                adc_init
                0x000011c4                dma_init
                0x00001244                adc_dma_init
                0x00001258                adc_dma_start
                0x00001280                adc_dma_wait
                0x000012bc                dac_init
                0x000012e8                ssi_init
                0x00001330                SystemInit
 *(.text*)
 *(.rodata)
 .rodata        0x00001354     0x1000 cos_tb.o
                0x00001354                cos_tb
 .rodata        0x00002354       0x58 dsp.o
 *(.rodata*)
                0x000023ac                . = ALIGN (0x4)
                0x000023ac                _data_flash = .

.glue_7         0x000023ac        0x0
 .glue_7        0x000023ac        0x0 linker stubs

.glue_7t        0x000023ac        0x0
 .glue_7t       0x000023ac        0x0 linker stubs

.vfp11_veneer   0x000023ac        0x0
 .vfp11_veneer  0x000023ac        0x0 linker stubs

.v4_bx          0x000023ac        0x0
 .v4_bx         0x000023ac        0x0 linker stubs

.iplt           0x000023ac        0x0
 .iplt          0x000023ac        0x0 main.o

.rel.dyn        0x000023ac        0x0
 .rel.iplt      0x000023ac        0x0 main.o

.data           0x20000000        0x0 load address 0x000023ac
                0x20000000                . = ALIGN (0x4)
                0x20000000                _data_begin = .
 *(.data)
 .data          0x20000000        0x0 main.o
 .data          0x20000000        0x0 cos_tb.o
 .data          0x20000000        0x0 startup.o
 .data          0x20000000        0x0 dsp.o
 .data          0x20000000        0x0 system.o
 *(.data*)
                0x20000000                . = ALIGN (0x4)
                0x20000000                _data_end = .

.igot.plt       0x20000000        0x0 load address 0x000023ac
 .igot.plt      0x20000000        0x0 main.o

.bss            0x20000000       0x9c load address 0x000023ac
                0x20000000                . = ALIGN (0x4)
                0x20000000                _bss_begin = .
                0x20000000                __bss_start__ = _bss_begin
 *(.bss)
 .bss           0x20000000        0xc main.o
                0x20000000                refpos
                0x20000004                reflinpos
                0x20000008                system_time
 .bss           0x2000000c        0x0 cos_tb.o
 .bss           0x2000000c        0x0 startup.o
 .bss           0x2000000c       0x90 dsp.o
 .bss           0x2000009c        0x0 system.o
 *(.bss*)
 *(COMMON)
                0x2000009c                . = ALIGN (0x4)
                0x2000009c                _bss_end = .
                0x2000009c                __bss_end__ = _bss_end
                0x00000400                _stack_size = 0x400
                0x20008000                _stack_end = (ORIGIN (RAM1) + LENGTH (RAM1))
                0x20007c00                _stack_begin = (_stack_end - _stack_size)
                0x20007c00                . = _stack_begin

._stack         0x2000009c      0x400 load address 0x00002448
                0x2000049c                . = (. + _stack_size)
 *fill*         0x2000009c      0x400 

.dma_sec        0x20100000      0x220
                0x20100000                . = ALIGN (0x400)
 *(.dma_sec)
 .dma_sec       0x20100000      0x220 system.o
                0x20100000                dma_ctr_str
                0x20100200                adc_dma_buffer
LOAD main.o
LOAD cos_tb.o
LOAD startup.o
LOAD dsp.o
LOAD system.o
START GROUP
LOAD /home/smolvik/gcc-arm-none-eabi-5_4-2016q3/lib/gcc/arm-none-eabi/5.4.1/armv6-m/libgcc.a
END GROUP
OUTPUT(bue.elf elf32-littlearm)

.debug_info     0x00000000     0x195c
 .debug_info    0x00000000      0x64f main.o
 .debug_info    0x0000064f       0x97 cos_tb.o
 .debug_info    0x000006e6       0xf1 startup.o
 .debug_info    0x000007d7      0x7e0 dsp.o
 .debug_info    0x00000fb7      0x9a5 system.o

.debug_abbrev   0x00000000      0x5fe
 .debug_abbrev  0x00000000      0x152 main.o
 .debug_abbrev  0x00000152       0x75 cos_tb.o
 .debug_abbrev  0x000001c7       0xab startup.o
 .debug_abbrev  0x00000272      0x22b dsp.o
 .debug_abbrev  0x0000049d      0x161 system.o

.debug_aranges  0x00000000       0x98
 .debug_aranges
                0x00000000       0x20 main.o
 .debug_aranges
                0x00000020       0x18 cos_tb.o
 .debug_aranges
                0x00000038       0x20 startup.o
 .debug_aranges
                0x00000058       0x20 dsp.o
 .debug_aranges
                0x00000078       0x20 system.o

.debug_line     0x00000000      0x6e0
 .debug_line    0x00000000      0x158 main.o
 .debug_line    0x00000158       0x4a cos_tb.o
 .debug_line    0x000001a2       0x50 startup.o
 .debug_line    0x000001f2      0x338 dsp.o
 .debug_line    0x0000052a      0x1b6 system.o

.debug_str      0x00000000      0x9f6
 .debug_str     0x00000000      0x2f0 main.o
                                0x331 (size before relaxing)
 .debug_str     0x000002f0       0x10 cos_tb.o
                                0x10a (size before relaxing)
 .debug_str     0x00000300       0xa5 startup.o
                                0x146 (size before relaxing)
 .debug_str     0x000003a5      0x102 dsp.o
                                0x1ab (size before relaxing)
 .debug_str     0x000004a7      0x54f system.o
                                0x7ed (size before relaxing)

.comment        0x00000000       0x6e
 .comment       0x00000000       0x6e main.o
                                 0x6f (size before relaxing)
 .comment       0x0000006e       0x6f cos_tb.o
 .comment       0x0000006e       0x6f startup.o
 .comment       0x0000006e       0x6f dsp.o
 .comment       0x0000006e       0x6f system.o

.ARM.attributes
                0x00000000       0x31
 .ARM.attributes
                0x00000000       0x31 main.o
 .ARM.attributes
                0x00000031       0x31 cos_tb.o
 .ARM.attributes
                0x00000062       0x31 startup.o
 .ARM.attributes
                0x00000093       0x31 dsp.o
 .ARM.attributes
                0x000000c4       0x31 system.o

.debug_frame    0x00000000      0x37c
 .debug_frame   0x00000000       0xac main.o
 .debug_frame   0x000000ac       0x4c startup.o
 .debug_frame   0x000000f8      0x120 dsp.o
 .debug_frame   0x00000218      0x164 system.o

.debug_loc      0x00000000     0x1bc7
 .debug_loc     0x00000000     0x1bc7 dsp.o

.debug_ranges   0x00000000      0x1b8
 .debug_ranges  0x00000000      0x1b8 dsp.o
