
Memory Configuration

Name             Origin             Length             Attributes
RAM1             0x20000000         0x00008000         rw
RAM2             0x20100000         0x00004000         xrw
FLASH            0x00000000         0x00020000         xr
*default*        0x00000000         0xffffffff

Linker script and memory map


.text           0x00000000     0x22dc
                0x00000000                . = ALIGN (0x4)
 *(.interrupt_vector)
 .interrupt_vector
                0x00000000       0xc0 startup.o
                0x00000000                table_interrupt_vector
 *(.text)
 .text          0x000000c0      0x474 main.o
                0x00000218                sleep
                0x00000244                main
                0x00000508                TIMER4_Handler
 .text          0x00000534        0x0 cos_tb.o
 .text          0x00000534       0x68 startup.o
                0x00000534                Reset_Handler
                0x00000534                handler_reset
                0x00000594                DMA_Handler
                0x00000594                UART2_Handler
                0x00000594                HardFault_Handler
                0x00000594                ARINC429T2_Handler
                0x00000594                EXT_INT1_Handler
                0x00000594                SysTick_Handler
                0x00000594                PendSV_Handler
                0x00000594                NMI_Handler
                0x00000594                ADC_Handler
                0x00000594                TIMER2_Handler
                0x00000594                WWDG_Handler
                0x00000594                POWER_Handler
                0x00000594                BKP_Handler
                0x00000594                TIMER1_Handler
                0x00000594                MIL_STD_1553B1_Handler
                0x00000594                CAN2_Handler
                0x00000594                TIMER3_Handler
                0x00000594                default_handler
                0x00000594                EXT_INT2_Handler
                0x00000594                UART1_Handler
                0x00000594                USB_Handler
                0x00000594                ETHERNET_Handler
                0x00000594                ARINC429T4_Handler
                0x00000594                EXT_INT4_Handler
                0x00000594                MIL_STD_1553B2_Handler
                0x00000594                CAN1_Handler
                0x00000594                EXT_INT3_Handler
                0x00000594                SVC_Handler
                0x00000594                BUSY_Handler
                0x00000594                ARINC429T3_Handler
                0x00000594                SSP2_Handler
                0x00000594                SSP3_Handler
                0x00000594                ARINC429T1_Handler
                0x00000594                ARINC429R_Handler
                0x00000594                SSP1_Handler
 .text          0x0000059c      0x804 dsp.o
                0x0000059c                reg_init
                0x000005a8                reg_update
                0x000005d8                abc_to_dq
                0x00000660                dq_to_abc
                0x000006dc                cord_atan
                0x00000878                sinpwm
                0x00000a30                svpwm
                0x00000d2c                get_speed
                0x00000d78                mfilter
 .text          0x00000da0      0x3e4 system.o
                0x00000dd8                PortConfig
                0x00000f10                ClkConfig
                0x00000f84                TimerConfig
                0x0000116c                SystemInit
 .text          0x00001184       0x18 encoder.o
                0x00001184                b2g
                0x0000118c                g2b
 .text          0x0000119c       0xe8 adc_dma.o
                0x0000119c                adc_init
                0x000011f0                dma_init
                0x00001270                adc_dma_init
 *(.text*)
 *(.rodata)
 .rodata        0x00001284     0x1000 cos_tb.o
                0x00001284                cos_tb
 .rodata        0x00002284       0x58 dsp.o
 *(.rodata*)
                0x000022dc                . = ALIGN (0x4)
                0x000022dc                _data_flash = .

.glue_7         0x000022dc        0x0
 .glue_7        0x000022dc        0x0 linker stubs

.glue_7t        0x000022dc        0x0
 .glue_7t       0x000022dc        0x0 linker stubs

.vfp11_veneer   0x000022dc        0x0
 .vfp11_veneer  0x000022dc        0x0 linker stubs

.v4_bx          0x000022dc        0x0
 .v4_bx         0x000022dc        0x0 linker stubs

.iplt           0x000022dc        0x0
 .iplt          0x000022dc        0x0 main.o

.rel.dyn        0x000022dc        0x0
 .rel.iplt      0x000022dc        0x0 main.o

.data           0x20000000        0x0 load address 0x000022dc
                0x20000000                . = ALIGN (0x4)
                0x20000000                _data_begin = .
 *(.data)
 .data          0x20000000        0x0 main.o
 .data          0x20000000        0x0 cos_tb.o
 .data          0x20000000        0x0 startup.o
 .data          0x20000000        0x0 dsp.o
 .data          0x20000000        0x0 system.o
 .data          0x20000000        0x0 encoder.o
 .data          0x20000000        0x0 adc_dma.o
 *(.data*)
                0x20000000                . = ALIGN (0x4)
                0x20000000                _data_end = .

.igot.plt       0x20000000        0x0 load address 0x000022dc
 .igot.plt      0x20000000        0x0 main.o

.bss            0x20000000       0xdc load address 0x000022dc
                0x20000000                . = ALIGN (0x4)
                0x20000000                _bss_begin = .
                0x20000000                __bss_start__ = _bss_begin
 *(.bss)
 .bss           0x20000000       0x4c main.o
                0x20000000                refpos
                0x20000004                reflinpos
                0x20000008                dreg
                0x20000018                qreg
                0x20000028                sreg
                0x20000038                preg
                0x20000048                system_time
 .bss           0x2000004c        0x0 cos_tb.o
 .bss           0x2000004c        0x0 startup.o
 .bss           0x2000004c       0x90 dsp.o
 .bss           0x200000dc        0x0 system.o
 .bss           0x200000dc        0x0 encoder.o
 .bss           0x200000dc        0x0 adc_dma.o
 *(.bss*)
 *(COMMON)
                0x200000dc                . = ALIGN (0x4)
                0x200000dc                _bss_end = .
                0x200000dc                __bss_end__ = _bss_end
                0x00000400                _stack_size = 0x400
                0x20008000                _stack_end = (ORIGIN (RAM1) + LENGTH (RAM1))
                0x20007c00                _stack_begin = (_stack_end - _stack_size)
                0x20007c00                . = _stack_begin

._stack         0x200000dc      0x400 load address 0x000023b8
                0x200004dc                . = (. + _stack_size)
 *fill*         0x200000dc      0x400 

.dma_sec        0x20100000      0x220
                0x20100000                . = ALIGN (0x400)
 *(.dma_sec)
 .dma_sec       0x20100000      0x220 adc_dma.o
                0x20100000                dma_ctr_str
                0x20100200                adc_dma_buffer
LOAD main.o
LOAD cos_tb.o
LOAD startup.o
LOAD dsp.o
LOAD system.o
LOAD encoder.o
LOAD adc_dma.o
START GROUP
LOAD /home/smolvik/gcc-arm-none-eabi-5_4-2016q3/lib/gcc/arm-none-eabi/5.4.1/armv6-m/libgcc.a
END GROUP
OUTPUT(bue.elf elf32-littlearm)

.debug_info     0x00000000     0x1d63
 .debug_info    0x00000000      0x94e main.o
 .debug_info    0x0000094e       0x97 cos_tb.o
 .debug_info    0x000009e5       0xf1 startup.o
 .debug_info    0x00000ad6      0x7ec dsp.o
 .debug_info    0x000012c2      0x63b system.o
 .debug_info    0x000018fd       0xce encoder.o
 .debug_info    0x000019cb      0x398 adc_dma.o

.debug_abbrev   0x00000000      0x7e9
 .debug_abbrev  0x00000000      0x199 main.o
 .debug_abbrev  0x00000199       0x75 cos_tb.o
 .debug_abbrev  0x0000020e       0xab startup.o
 .debug_abbrev  0x000002b9      0x274 dsp.o
 .debug_abbrev  0x0000052d      0x150 system.o
 .debug_abbrev  0x0000067d       0x89 encoder.o
 .debug_abbrev  0x00000706       0xe3 adc_dma.o

.debug_aranges  0x00000000       0xd8
 .debug_aranges
                0x00000000       0x20 main.o
 .debug_aranges
                0x00000020       0x18 cos_tb.o
 .debug_aranges
                0x00000038       0x20 startup.o
 .debug_aranges
                0x00000058       0x20 dsp.o
 .debug_aranges
                0x00000078       0x20 system.o
 .debug_aranges
                0x00000098       0x20 encoder.o
 .debug_aranges
                0x000000b8       0x20 adc_dma.o

.debug_line     0x00000000      0x807
 .debug_line    0x00000000      0x1e3 main.o
 .debug_line    0x000001e3       0x4a cos_tb.o
 .debug_line    0x0000022d       0x50 startup.o
 .debug_line    0x0000027d      0x344 dsp.o
 .debug_line    0x000005c1      0x124 system.o
 .debug_line    0x000006e5       0x68 encoder.o
 .debug_line    0x0000074d       0xba adc_dma.o

.debug_str      0x00000000      0xa33
 .debug_str     0x00000000      0x5d4 main.o
                                0x623 (size before relaxing)
 .debug_str     0x000005d4       0x10 cos_tb.o
                                0x10a (size before relaxing)
 .debug_str     0x000005e4       0xa5 startup.o
                                0x146 (size before relaxing)
 .debug_str     0x00000689      0x102 dsp.o
                                0x1ab (size before relaxing)
 .debug_str     0x0000078b      0x27e system.o
                                0x562 (size before relaxing)
 .debug_str     0x00000a09        0xa encoder.o
                                0x105 (size before relaxing)
 .debug_str     0x00000a13       0x20 adc_dma.o
                                0x3de (size before relaxing)

.comment        0x00000000       0x6e
 .comment       0x00000000       0x6e main.o
                                 0x6f (size before relaxing)
 .comment       0x0000006e       0x6f cos_tb.o
 .comment       0x0000006e       0x6f startup.o
 .comment       0x0000006e       0x6f dsp.o
 .comment       0x0000006e       0x6f system.o
 .comment       0x0000006e       0x6f encoder.o
 .comment       0x0000006e       0x6f adc_dma.o

.ARM.attributes
                0x00000000       0x31
 .ARM.attributes
                0x00000000       0x31 main.o
 .ARM.attributes
                0x00000031       0x31 cos_tb.o
 .ARM.attributes
                0x00000062       0x31 startup.o
 .ARM.attributes
                0x00000093       0x31 dsp.o
 .ARM.attributes
                0x000000c4       0x31 system.o
 .ARM.attributes
                0x000000f5       0x31 encoder.o
 .ARM.attributes
                0x00000126       0x31 adc_dma.o

.debug_frame    0x00000000      0x3d4
 .debug_frame   0x00000000      0x134 main.o
 .debug_frame   0x00000134       0x4c startup.o
 .debug_frame   0x00000180      0x120 dsp.o
 .debug_frame   0x000002a0       0xa0 system.o
 .debug_frame   0x00000340       0x30 encoder.o
 .debug_frame   0x00000370       0x64 adc_dma.o

.debug_loc      0x00000000     0x1c25
 .debug_loc     0x00000000     0x1bc7 dsp.o
 .debug_loc     0x00001bc7       0x5e encoder.o

.debug_ranges   0x00000000      0x1b8
 .debug_ranges  0x00000000      0x1b8 dsp.o
