
Memory Configuration

Name             Origin             Length             Attributes
RAM1             0x20000000         0x00008000         rw
RAM2             0x20100000         0x00004000         xrw
FLASH            0x00000000         0x00020000         xr
*default*        0x00000000         0xffffffff

Linker script and memory map


.text           0x00000000      0x660
                0x00000000                . = ALIGN (0x4)
 *(.interrupt_vector)
 .interrupt_vector
                0x00000000       0xc0 startup.o
                0x00000000                table_interrupt_vector
 *(.text)
 .text          0x000000c0      0x440 main.o
                0x000001a4                sleep
                0x000001d0                main
                0x000001fc                PortConfig
                0x00000334                ClkConfig
                0x000003a8                TimerConfig
                0x0000049c                SystemInit
                0x000004c0                SysTick_Handler
                0x000004d8                TIMER4_Handler
 .text          0x00000500       0x68 startup.o
                0x00000500                Reset_Handler
                0x00000500                handler_reset
                0x00000560                DMA_Handler
                0x00000560                UART2_Handler
                0x00000560                HardFault_Handler
                0x00000560                ARINC429T2_Handler
                0x00000560                EXT_INT1_Handler
                0x00000560                PendSV_Handler
                0x00000560                NMI_Handler
                0x00000560                ADC_Handler
                0x00000560                TIMER2_Handler
                0x00000560                WWDG_Handler
                0x00000560                POWER_Handler
                0x00000560                BKP_Handler
                0x00000560                TIMER1_Handler
                0x00000560                MIL_STD_1553B1_Handler
                0x00000560                CAN2_Handler
                0x00000560                TIMER3_Handler
                0x00000560                default_handler
                0x00000560                EXT_INT2_Handler
                0x00000560                USB_Handler
                0x00000560                ETHERNET_Handler
                0x00000560                ARINC429T4_Handler
                0x00000560                EXT_INT4_Handler
                0x00000560                MIL_STD_1553B2_Handler
                0x00000560                CAN1_Handler
                0x00000560                EXT_INT3_Handler
                0x00000560                SVC_Handler
                0x00000560                BUSY_Handler
                0x00000560                ARINC429T3_Handler
                0x00000560                SSP2_Handler
                0x00000560                SSP3_Handler
                0x00000560                ARINC429T1_Handler
                0x00000560                ARINC429R_Handler
                0x00000560                SSP1_Handler
 .text          0x00000568       0xe8 uart.o
                0x000005a0                uart_init
                0x00000620                UART1_Handler
 *(.text*)
 *(.rodata)
 .rodata        0x00000650        0xe main.o
 *(.rodata*)
                0x00000660                . = ALIGN (0x4)
 *fill*         0x0000065e        0x2 
                0x00000660                _data_flash = .

.glue_7         0x00000660        0x0
 .glue_7        0x00000660        0x0 linker stubs

.glue_7t        0x00000660        0x0
 .glue_7t       0x00000660        0x0 linker stubs

.vfp11_veneer   0x00000660        0x0
 .vfp11_veneer  0x00000660        0x0 linker stubs

.v4_bx          0x00000660        0x0
 .v4_bx         0x00000660        0x0 linker stubs

.iplt           0x00000660        0x0
 .iplt          0x00000660        0x0 main.o

.rel.dyn        0x00000660        0x0
 .rel.iplt      0x00000660        0x0 main.o

.data           0x20000000        0x4 load address 0x00000660
                0x20000000                . = ALIGN (0x4)
                0x20000000                _data_begin = .
 *(.data)
 .data          0x20000000        0x4 main.o
                0x20000000                test_pwm
 .data          0x20000004        0x0 startup.o
 .data          0x20000004        0x0 uart.o
 *(.data*)
                0x20000004                . = ALIGN (0x4)
                0x20000004                _data_end = .

.igot.plt       0x20000004        0x0 load address 0x00000664
 .igot.plt      0x20000004        0x0 main.o

.bss            0x20000004        0xc load address 0x00000664
                0x20000004                . = ALIGN (0x4)
                0x20000004                _bss_begin = .
                0x20000004                __bss_start__ = _bss_begin
 *(.bss)
 .bss           0x20000004        0xc main.o
                0x20000004                Current_Led
                0x20000008                i
                0x2000000c                system_time
 .bss           0x20000010        0x0 startup.o
 .bss           0x20000010        0x0 uart.o
 *(.bss*)
 *(COMMON)
                0x20000010                . = ALIGN (0x4)
                0x20000010                _bss_end = .
                0x20000010                __bss_end__ = _bss_end
                0x00000400                _stack_size = 0x400
                0x20008000                _stack_end = (ORIGIN (RAM1) + LENGTH (RAM1))
                0x20007c00                _stack_begin = (_stack_end - _stack_size)
                0x20007c00                . = _stack_begin

._stack         0x20000010      0x400 load address 0x00000670
                0x20000410                . = (. + _stack_size)
 *fill*         0x20000010      0x400 
LOAD main.o
LOAD startup.o
LOAD uart.o
OUTPUT(blink.elf elf32-littlearm)

.debug_info     0x00000000      0xf53
 .debug_info    0x00000000      0x930 main.o
 .debug_info    0x00000930       0xf1 startup.o
 .debug_info    0x00000a21      0x532 uart.o

.debug_abbrev   0x00000000      0x40c
 .debug_abbrev  0x00000000      0x216 main.o
 .debug_abbrev  0x00000216       0xab startup.o
 .debug_abbrev  0x000002c1      0x14b uart.o

.debug_aranges  0x00000000       0x60
 .debug_aranges
                0x00000000       0x20 main.o
 .debug_aranges
                0x00000020       0x20 startup.o
 .debug_aranges
                0x00000040       0x20 uart.o

.debug_line     0x00000000      0x256
 .debug_line    0x00000000      0x14a main.o
 .debug_line    0x0000014a       0x50 startup.o
 .debug_line    0x0000019a       0xbc uart.o

.debug_str      0x00000000      0x740
 .debug_str     0x00000000      0x638 main.o
                                0x668 (size before relaxing)
 .debug_str     0x00000638       0xa5 startup.o
                                0x164 (size before relaxing)
 .debug_str     0x000006dd       0x63 uart.o
                                0x4a9 (size before relaxing)

.comment        0x00000000       0x6e
 .comment       0x00000000       0x6e main.o
                                 0x6f (size before relaxing)
 .comment       0x0000006e       0x6f startup.o
 .comment       0x0000006e       0x6f uart.o

.ARM.attributes
                0x00000000       0x31
 .ARM.attributes
                0x00000000       0x31 main.o
 .ARM.attributes
                0x00000031       0x31 startup.o
 .ARM.attributes
                0x00000062       0x31 uart.o

.debug_frame    0x00000000      0x210
 .debug_frame   0x00000000      0x158 main.o
 .debug_frame   0x00000158       0x4c startup.o
 .debug_frame   0x000001a4       0x6c uart.o
