
Memory Configuration

Name             Origin             Length             Attributes
FLASH            0x00000000         0x00020000         xr
SRAM1            0x20000000         0x00008000         xrw
SRAM2            0x20100000         0x00004000         xrw
*default*        0x00000000         0xffffffff

Linker script and memory map


.text           0x20100000      0x5d8
 *(.main_sec)
 .main_sec      0x20100000       0x5c main.o
                0x20100000                main
 *(.text)
 .text          0x2010005c      0x57c main.o
                0x2010005c                PortConfig
                0x20100194                ClkConfig
                0x20100208                TimerConfig
                0x201003ec                adc_init
                0x20100440                dac_init
                0x2010046c                DMAInit
                0x20100508                SystemInit
                0x2010056c                adc_dma_start
                0x20100594                adc_dma_wait

.glue_7         0x201005d8        0x0
 .glue_7        0x201005d8        0x0 linker stubs

.glue_7t        0x201005d8        0x0
 .glue_7t       0x201005d8        0x0 linker stubs

.vfp11_veneer   0x201005d8        0x0
 .vfp11_veneer  0x201005d8        0x0 linker stubs

.v4_bx          0x201005d8        0x0
 .v4_bx         0x201005d8        0x0 linker stubs

.iplt           0x201005d8        0x0
 .iplt          0x201005d8        0x0 main.o

.rel.dyn        0x201005d8        0x0
 .rel.iplt      0x201005d8        0x0 main.o

.dma_sec        0x201005d8      0x448
                0x20100800                . = ALIGN (0x400)
 *fill*         0x201005d8      0x228 
 *(.dma_sec)
 .dma_sec       0x20100800      0x220 main.o
                0x20100800                DMACtrStr
                0x20100a00                adc_buffer

.data           0x20000000        0x0
 *(.data)
 .data          0x20000000        0x0 main.o

.igot.plt       0x20000000        0x0
 .igot.plt      0x20000000        0x0 main.o

.bss            0x20000000       0x28
 *(.bss)
 .bss           0x20000000       0x28 main.o
                0x20000000                adc_chan
                0x20000004                adc_data
                0x20000024                system_time
LOAD main.o
START GROUP
LOAD /home/smolvik/gcc-arm-none-eabi-5_4-2016q3/lib/gcc/arm-none-eabi/5.4.1/armv6-m/libgcc.a
END GROUP
OUTPUT(bue_pwm.elf elf32-littlearm)

.debug_info     0x00000000      0x7a1
 .debug_info    0x00000000      0x7a1 main.o

.debug_abbrev   0x00000000      0x10a
 .debug_abbrev  0x00000000      0x10a main.o

.debug_aranges  0x00000000       0x28
 .debug_aranges
                0x00000000       0x28 main.o

.debug_ranges   0x00000000       0x18
 .debug_ranges  0x00000000       0x18 main.o

.debug_line     0x00000000      0x1b8
 .debug_line    0x00000000      0x1b8 main.o

.debug_str      0x00000000      0x58c
 .debug_str     0x00000000      0x58c main.o
                                0x5c8 (size before relaxing)

.comment        0x00000000       0x6e
 .comment       0x00000000       0x6e main.o
                                 0x6f (size before relaxing)

.ARM.attributes
                0x00000000       0x31
 .ARM.attributes
                0x00000000       0x31 main.o

.debug_frame    0x00000000      0x128
 .debug_frame   0x00000000      0x128 main.o
