
Memory Configuration

Name             Origin             Length             Attributes
RAM1             0x20000000         0x00008000         rw
RAM2             0x20100000         0x00004000         xrw
FLASH            0x00000000         0x00020000         xr
*default*        0x00000000         0xffffffff

Linker script and memory map


.text           0x00000000      0x9b8
                0x00000000                . = ALIGN (0x4)
 *(.interrupt_vector)
 .interrupt_vector
                0x00000000       0xc0 startup.o
                0x00000000                table_interrupt_vector
 *(.text)
 .text          0x000000c0      0x5e8 main.o
                0x000001a4                sleep
                0x000001d0                main
                0x00000210                PortConfig
                0x000003d0                ClkConfig
                0x00000444                TimerConfig
                0x00000538                mil_std_1533_init_bc
                0x000005e0                SystemInit
                0x0000060c                SysTick_Handler
                0x00000624                TIMER4_Handler
                0x00000650                MIL_STD_1553B1_Handler
 .text          0x000006a8       0x68 startup.o
                0x000006a8                Reset_Handler
                0x000006a8                handler_reset
                0x00000708                DMA_Handler
                0x00000708                UART2_Handler
                0x00000708                HardFault_Handler
                0x00000708                ARINC429T2_Handler
                0x00000708                EXT_INT1_Handler
                0x00000708                PendSV_Handler
                0x00000708                NMI_Handler
                0x00000708                ADC_Handler
                0x00000708                TIMER2_Handler
                0x00000708                WWDG_Handler
                0x00000708                POWER_Handler
                0x00000708                BKP_Handler
                0x00000708                TIMER1_Handler
                0x00000708                CAN2_Handler
                0x00000708                TIMER3_Handler
                0x00000708                default_handler
                0x00000708                EXT_INT2_Handler
                0x00000708                USB_Handler
                0x00000708                ETHERNET_Handler
                0x00000708                ARINC429T4_Handler
                0x00000708                EXT_INT4_Handler
                0x00000708                MIL_STD_1553B2_Handler
                0x00000708                CAN1_Handler
                0x00000708                EXT_INT3_Handler
                0x00000708                SVC_Handler
                0x00000708                BUSY_Handler
                0x00000708                ARINC429T3_Handler
                0x00000708                SSP2_Handler
                0x00000708                SSP3_Handler
                0x00000708                ARINC429T1_Handler
                0x00000708                ARINC429R_Handler
                0x00000708                SSP1_Handler
 .text          0x00000710      0x298 uart.o
                0x00000780                uart_init
                0x00000800                uart_read
                0x00000878                uart_send
                0x00000920                UART1_Handler
 *(.text*)
 *(.rodata)
 .rodata        0x000009a8        0xe main.o
 *(.rodata*)
                0x000009b8                . = ALIGN (0x4)
 *fill*         0x000009b6        0x2 
                0x000009b8                _data_flash = .

.glue_7         0x000009b8        0x0
 .glue_7        0x000009b8        0x0 linker stubs

.glue_7t        0x000009b8        0x0
 .glue_7t       0x000009b8        0x0 linker stubs

.vfp11_veneer   0x000009b8        0x0
 .vfp11_veneer  0x000009b8        0x0 linker stubs

.v4_bx          0x000009b8        0x0
 .v4_bx         0x000009b8        0x0 linker stubs

.iplt           0x000009b8        0x0
 .iplt          0x000009b8        0x0 main.o

.rel.dyn        0x000009b8        0x0
 .rel.iplt      0x000009b8        0x0 main.o

.data           0x20000000        0x4 load address 0x000009b8
                0x20000000                . = ALIGN (0x4)
                0x20000000                _data_begin = .
 *(.data)
 .data          0x20000000        0x4 main.o
                0x20000000                test_pwm
 .data          0x20000004        0x0 startup.o
 .data          0x20000004        0x0 uart.o
 *(.data*)
                0x20000004                . = ALIGN (0x4)
                0x20000004                _data_end = .

.igot.plt       0x20000004        0x0 load address 0x000009bc
 .igot.plt      0x20000004        0x0 main.o

.bss            0x20000004      0x45c load address 0x000009bc
                0x20000004                . = ALIGN (0x4)
                0x20000004                _bss_begin = .
                0x20000004                __bss_start__ = _bss_begin
 *(.bss)
 .bss           0x20000004       0x4c main.o
                0x20000004                array_tm2
                0x20000044                Current_Led
                0x20000048                cnt
                0x2000004c                system_time
 .bss           0x20000050        0x0 startup.o
 .bss           0x20000050      0x410 uart.o
                0x20000050                tx_buf
                0x20000250                tx_idx
                0x20000254                tx_wr_idx
                0x20000258                rx_buf
                0x20000458                rx_idx
                0x2000045c                rx_rd_idx
 *(.bss*)
 *(COMMON)
                0x20000460                . = ALIGN (0x4)
                0x20000460                _bss_end = .
                0x20000460                __bss_end__ = _bss_end
                0x00000400                _stack_size = 0x400
                0x20008000                _stack_end = (ORIGIN (RAM1) + LENGTH (RAM1))
                0x20007c00                _stack_begin = (_stack_end - _stack_size)
                0x20007c00                . = _stack_begin

._stack         0x20000460      0x400 load address 0x00000e18
                0x20000860                . = (. + _stack_size)
 *fill*         0x20000460      0x400 
LOAD main.o
LOAD startup.o
LOAD uart.o
OUTPUT(blink.elf elf32-littlearm)

.debug_info     0x00000000     0x1133
 .debug_info    0x00000000      0xa95 main.o
 .debug_info    0x00000a95       0xf1 startup.o
 .debug_info    0x00000b86      0x5ad uart.o

.debug_abbrev   0x00000000      0x49d
 .debug_abbrev  0x00000000      0x248 main.o
 .debug_abbrev  0x00000248       0xab startup.o
 .debug_abbrev  0x000002f3      0x1aa uart.o

.debug_aranges  0x00000000       0x60
 .debug_aranges
                0x00000000       0x20 main.o
 .debug_aranges
                0x00000020       0x20 startup.o
 .debug_aranges
                0x00000040       0x20 uart.o

.debug_line     0x00000000      0x2eb
 .debug_line    0x00000000      0x1af main.o
 .debug_line    0x000001af       0x50 startup.o
 .debug_line    0x000001ff       0xec uart.o

.debug_str      0x00000000      0x839
 .debug_str     0x00000000      0x6dd main.o
                                0x715 (size before relaxing)
 .debug_str     0x000006dd       0xa5 startup.o
                                0x168 (size before relaxing)
 .debug_str     0x00000782       0xb7 uart.o
                                0x4c8 (size before relaxing)

.comment        0x00000000       0x6e
 .comment       0x00000000       0x6e main.o
                                 0x6f (size before relaxing)
 .comment       0x0000006e       0x6f startup.o
 .comment       0x0000006e       0x6f uart.o

.ARM.attributes
                0x00000000       0x31
 .ARM.attributes
                0x00000000       0x31 main.o
 .ARM.attributes
                0x00000031       0x31 startup.o
 .ARM.attributes
                0x00000062       0x31 uart.o

.debug_frame    0x00000000      0x2ac
 .debug_frame   0x00000000      0x198 main.o
 .debug_frame   0x00000198       0x4c startup.o
 .debug_frame   0x000001e4       0xc8 uart.o
