
Memory Configuration

Name             Origin             Length             Attributes
RAM1             0x20000000         0x00008000         rw
RAM2             0x20100000         0x00004000         xrw
FLASH            0x00000000         0x00020000         xr
*default*        0x00000000         0xffffffff

Linker script and memory map


.text           0x00000000      0x504
                0x00000000                . = ALIGN (0x4)
 *(.interrupt_vector)
 .interrupt_vector
                0x00000000       0xc0 startup.o
                0x00000000                table_interrupt_vector
 *(.text)
 .text          0x000000c0      0x3dc main.o
                0x000001a4                sleep
                0x000001d0                main
                0x000001f0                PortConfig
                0x000002d0                ClkConfig
                0x00000344                TimerConfig
                0x00000438                SystemInit
                0x0000045c                SysTick_Handler
                0x00000474                TIMER4_Handler
 .text          0x0000049c       0x68 startup.o
                0x0000049c                Reset_Handler
                0x0000049c                handler_reset
                0x000004fc                DMA_Handler
                0x000004fc                UART2_Handler
                0x000004fc                HardFault_Handler
                0x000004fc                ARINC429T2_Handler
                0x000004fc                EXT_INT1_Handler
                0x000004fc                PendSV_Handler
                0x000004fc                NMI_Handler
                0x000004fc                ADC_Handler
                0x000004fc                TIMER2_Handler
                0x000004fc                WWDG_Handler
                0x000004fc                POWER_Handler
                0x000004fc                BKP_Handler
                0x000004fc                TIMER1_Handler
                0x000004fc                MIL_STD_1553B1_Handler
                0x000004fc                CAN2_Handler
                0x000004fc                TIMER3_Handler
                0x000004fc                default_handler
                0x000004fc                EXT_INT2_Handler
                0x000004fc                UART1_Handler
                0x000004fc                USB_Handler
                0x000004fc                ETHERNET_Handler
                0x000004fc                ARINC429T4_Handler
                0x000004fc                EXT_INT4_Handler
                0x000004fc                MIL_STD_1553B2_Handler
                0x000004fc                CAN1_Handler
                0x000004fc                EXT_INT3_Handler
                0x000004fc                SVC_Handler
                0x000004fc                BUSY_Handler
                0x000004fc                ARINC429T3_Handler
                0x000004fc                SSP2_Handler
                0x000004fc                SSP3_Handler
                0x000004fc                ARINC429T1_Handler
                0x000004fc                ARINC429R_Handler
                0x000004fc                SSP1_Handler
 *(.text*)
 *(.rodata)
 *(.rodata*)
                0x00000504                . = ALIGN (0x4)
                0x00000504                _data_flash = .

.glue_7         0x00000504        0x0
 .glue_7        0x00000504        0x0 linker stubs

.glue_7t        0x00000504        0x0
 .glue_7t       0x00000504        0x0 linker stubs

.vfp11_veneer   0x00000504        0x0
 .vfp11_veneer  0x00000504        0x0 linker stubs

.v4_bx          0x00000504        0x0
 .v4_bx         0x00000504        0x0 linker stubs

.iplt           0x00000504        0x0
 .iplt          0x00000504        0x0 main.o

.rel.dyn        0x00000504        0x0
 .rel.iplt      0x00000504        0x0 main.o

.data           0x20000000        0x4 load address 0x00000504
                0x20000000                . = ALIGN (0x4)
                0x20000000                _data_begin = .
 *(.data)
 .data          0x20000000        0x4 main.o
                0x20000000                test_pwm
 .data          0x20000004        0x0 startup.o
 *(.data*)
                0x20000004                . = ALIGN (0x4)
                0x20000004                _data_end = .

.igot.plt       0x20000004        0x0 load address 0x00000508
 .igot.plt      0x20000004        0x0 main.o

.bss            0x20000004        0xc load address 0x00000508
                0x20000004                . = ALIGN (0x4)
                0x20000004                _bss_begin = .
                0x20000004                __bss_start__ = _bss_begin
 *(.bss)
 .bss           0x20000004        0xc main.o
                0x20000004                Current_Led
                0x20000008                i
                0x2000000c                system_time
 .bss           0x20000010        0x0 startup.o
 *(.bss*)
 *(COMMON)
                0x20000010                . = ALIGN (0x4)
                0x20000010                _bss_end = .
                0x20000010                __bss_end__ = _bss_end
                0x00000400                _stack_size = 0x400
                0x20008000                _stack_end = (ORIGIN (RAM1) + LENGTH (RAM1))
                0x20007c00                _stack_begin = (_stack_end - _stack_size)
                0x20007c00                . = _stack_begin

._stack         0x20000010      0x400 load address 0x00000514
                0x20000410                . = (. + _stack_size)
 *fill*         0x20000010      0x400 
LOAD main.o
LOAD startup.o
OUTPUT(blink.elf elf32-littlearm)

.debug_info     0x00000000      0x9e1
 .debug_info    0x00000000      0x8f0 main.o
 .debug_info    0x000008f0       0xf1 startup.o

.debug_abbrev   0x00000000      0x2b2
 .debug_abbrev  0x00000000      0x207 main.o
 .debug_abbrev  0x00000207       0xab startup.o

.debug_aranges  0x00000000       0x40
 .debug_aranges
                0x00000000       0x20 main.o
 .debug_aranges
                0x00000020       0x20 startup.o

.debug_line     0x00000000      0x194
 .debug_line    0x00000000      0x144 main.o
 .debug_line    0x00000144       0x50 startup.o

.debug_str      0x00000000      0x6fc
 .debug_str     0x00000000      0x633 main.o
                                0x65e (size before relaxing)
 .debug_str     0x00000633       0xc9 startup.o
                                0x162 (size before relaxing)

.comment        0x00000000       0x6e
 .comment       0x00000000       0x6e main.o
                                 0x6f (size before relaxing)
 .comment       0x0000006e       0x6f startup.o

.ARM.attributes
                0x00000000       0x31
 .ARM.attributes
                0x00000000       0x31 main.o
 .ARM.attributes
                0x00000031       0x31 startup.o

.debug_frame    0x00000000      0x1a0
 .debug_frame   0x00000000      0x154 main.o
 .debug_frame   0x00000154       0x4c startup.o
