Archive member included to satisfy reference by file (symbol)

/home/smolvik/gcc-arm-none-eabi-5_4-2016q3/lib/gcc/arm-none-eabi/5.4.1/armv6-m/libgcc.a(_udivsi3.o)
                              xprintf.o (__aeabi_uidiv)
/home/smolvik/gcc-arm-none-eabi-5_4-2016q3/lib/gcc/arm-none-eabi/5.4.1/armv6-m/libgcc.a(_dvmd_tls.o)
                              /home/smolvik/gcc-arm-none-eabi-5_4-2016q3/lib/gcc/arm-none-eabi/5.4.1/armv6-m/libgcc.a(_udivsi3.o) (__aeabi_idiv0)

Memory Configuration

Name             Origin             Length             Attributes
RAM1             0x20000000         0x00008000         rw
RAM2             0x20100000         0x00004000         xrw
FLASH            0x00000000         0x00020000         xr
*default*        0x00000000         0xffffffff

Linker script and memory map


.text           0x00000000     0x1ee8
                0x00000000                . = ALIGN (0x4)
 *(.interrupt_vector)
 .interrupt_vector
                0x00000000       0xc0 startup.o
                0x00000000                table_interrupt_vector
 *(.text)
 .text          0x000000c0      0xe9c main.o
                0x000000f8                get_checksum
                0x00000148                sleep
                0x00000174                update_telemetry_loop
                0x00000380                update_telemetry
                0x0000058c                send_command
                0x00000638                main
                0x00000718                PortConfig
                0x000008cc                dac_init
                0x000008f8                ClkConfig
                0x0000096c                TimerConfig
                0x00000b04                mil_std_1533_init_rt
                0x00000bbc                SystemInit
                0x00000be8                SysTick_Handler
                0x00000c00                TIMER4_Handler
                0x00000c2c                MIL_STD_1553B1_Handler
 .text          0x00000f5c       0x68 startup.o
                0x00000f5c                Reset_Handler
                0x00000f5c                handler_reset
                0x00000fbc                DMA_Handler
                0x00000fbc                UART2_Handler
                0x00000fbc                HardFault_Handler
                0x00000fbc                ARINC429T2_Handler
                0x00000fbc                EXT_INT1_Handler
                0x00000fbc                PendSV_Handler
                0x00000fbc                NMI_Handler
                0x00000fbc                ADC_Handler
                0x00000fbc                TIMER2_Handler
                0x00000fbc                WWDG_Handler
                0x00000fbc                POWER_Handler
                0x00000fbc                BKP_Handler
                0x00000fbc                TIMER1_Handler
                0x00000fbc                CAN2_Handler
                0x00000fbc                TIMER3_Handler
                0x00000fbc                default_handler
                0x00000fbc                EXT_INT2_Handler
                0x00000fbc                USB_Handler
                0x00000fbc                ETHERNET_Handler
                0x00000fbc                ARINC429T4_Handler
                0x00000fbc                EXT_INT4_Handler
                0x00000fbc                MIL_STD_1553B2_Handler
                0x00000fbc                CAN1_Handler
                0x00000fbc                EXT_INT3_Handler
                0x00000fbc                SVC_Handler
                0x00000fbc                BUSY_Handler
                0x00000fbc                ARINC429T3_Handler
                0x00000fbc                SSP2_Handler
                0x00000fbc                SSP3_Handler
                0x00000fbc                ARINC429T1_Handler
                0x00000fbc                ARINC429R_Handler
                0x00000fbc                SSP1_Handler
 .text          0x00000fc4      0x2d4 uart.o
                0x00001034                uart_init
                0x000010c4                uart_read
                0x0000113c                uart_send
                0x000011e4                uart_putch
                0x00001210                UART1_Handler
 .text          0x00001298      0x844 xprintf.o
                0x00001298                xputc
                0x000012f0                xputs
                0x00001318                xfputs
                0x00001674                xprintf
                0x0000169c                xsprintf
                0x000016e0                xfprintf
                0x00001720                put_dump
                0x00001824                xgets
                0x000018c4                xfgets
                0x00001900                xatoi
 .text          0x00001adc      0x144 mil.o
                0x00001adc                mil_cpy
 .text          0x00001c20      0x124 adc_dma.o
                0x00001c20                adc_dma_init
                0x00001ca0                adc_dma_start
                0x00001cc8                adc_dma_wait
                0x00001d04                adc_dma_check
 .text          0x00001d44      0x114 /home/smolvik/gcc-arm-none-eabi-5_4-2016q3/lib/gcc/arm-none-eabi/5.4.1/armv6-m/libgcc.a(_udivsi3.o)
                0x00001d44                __udivsi3
                0x00001d44                __aeabi_uidiv
                0x00001e50                __aeabi_uidivmod
 .text          0x00001e58        0x4 /home/smolvik/gcc-arm-none-eabi-5_4-2016q3/lib/gcc/arm-none-eabi/5.4.1/armv6-m/libgcc.a(_dvmd_tls.o)
                0x00001e58                __aeabi_ldiv0
                0x00001e58                __aeabi_idiv0
 *(.text*)
 *(.rodata)
 .rodata        0x00001e5c        0xe main.o
 *fill*         0x00001e6a        0x2 
 .rodata        0x00001e6c       0x7b xprintf.o
 *(.rodata*)
                0x00001ee8                . = ALIGN (0x4)
 *fill*         0x00001ee7        0x1 
                0x00001ee8                _data_flash = .

.glue_7         0x00001ee8        0x0
 .glue_7        0x00001ee8        0x0 linker stubs

.glue_7t        0x00001ee8        0x0
 .glue_7t       0x00001ee8        0x0 linker stubs

.vfp11_veneer   0x00001ee8        0x0
 .vfp11_veneer  0x00001ee8        0x0 linker stubs

.v4_bx          0x00001ee8        0x0
 .v4_bx         0x00001ee8        0x0 linker stubs

.iplt           0x00001ee8        0x0
 .iplt          0x00001ee8        0x0 main.o

.rel.dyn        0x00001ee8        0x0
 .rel.iplt      0x00001ee8        0x0 main.o

.data           0x20000000       0x44 load address 0x00001ee8
                0x20000000                . = ALIGN (0x4)
                0x20000000                _data_begin = .
 *(.data)
 .data          0x20000000       0x44 main.o
                0x20000000                array_tm
                0x20000040                test_pwm
 .data          0x20000044        0x0 startup.o
 .data          0x20000044        0x0 uart.o
 .data          0x20000044        0x0 xprintf.o
 .data          0x20000044        0x0 mil.o
 .data          0x20000044        0x0 adc_dma.o
 .data          0x20000044        0x0 /home/smolvik/gcc-arm-none-eabi-5_4-2016q3/lib/gcc/arm-none-eabi/5.4.1/armv6-m/libgcc.a(_udivsi3.o)
 .data          0x20000044        0x0 /home/smolvik/gcc-arm-none-eabi-5_4-2016q3/lib/gcc/arm-none-eabi/5.4.1/armv6-m/libgcc.a(_dvmd_tls.o)
 *(.data*)
                0x20000044                . = ALIGN (0x4)
                0x20000044                _data_end = .

.igot.plt       0x20000044        0x0 load address 0x00001f2c
 .igot.plt      0x20000044        0x0 main.o

.bss            0x20000044      0x524 load address 0x00001f2c
                0x20000044                . = ALIGN (0x4)
                0x20000044                _bss_begin = .
                0x20000044                __bss_start__ = _bss_begin
 *(.bss)
 .bss           0x20000044      0x106 main.o
                0x20000044                telemetry506_p1
                0x20000084                telemetry506_p2
                0x200000c4                control506
                0x200000d0                pdisp_tm
                0x200000d8                disp_idx
                0x200000dc                milerrcnt
                0x200000e0                milfrmcnt
                0x200000e4                crcerrcnt
                0x200000e8                Current_Led
                0x200000ec                cnt
                0x200000f0                system_time
                0x200000f4                cwready_flg
                0x200000f8                tlmready_flg
 .bss           0x2000014a        0x0 startup.o
 *fill*         0x2000014a        0x2 
 .bss           0x2000014c      0x410 uart.o
                0x2000014c                tx_buf
                0x2000034c                tx_idx
                0x20000350                tx_wr_idx
                0x20000354                rx_buf
                0x20000554                rx_idx
                0x20000558                rx_rd_idx
 .bss           0x2000055c        0xc xprintf.o
                0x2000055c                xfunc_out
                0x20000564                xfunc_in
 .bss           0x20000568        0x0 mil.o
 .bss           0x20000568        0x0 adc_dma.o
 .bss           0x20000568        0x0 /home/smolvik/gcc-arm-none-eabi-5_4-2016q3/lib/gcc/arm-none-eabi/5.4.1/armv6-m/libgcc.a(_udivsi3.o)
 .bss           0x20000568        0x0 /home/smolvik/gcc-arm-none-eabi-5_4-2016q3/lib/gcc/arm-none-eabi/5.4.1/armv6-m/libgcc.a(_dvmd_tls.o)
 *(.bss*)
 *(COMMON)
                0x20000568                . = ALIGN (0x4)
                0x20000568                _bss_end = .
                0x20000568                __bss_end__ = _bss_end
                0x00000400                _stack_size = 0x400
                0x20008000                _stack_end = (ORIGIN (RAM1) + LENGTH (RAM1))
                0x20007c00                _stack_begin = (_stack_end - _stack_size)
                0x20007c00                . = _stack_begin

._stack         0x20000568      0x400 load address 0x00002450
                0x20000968                . = (. + _stack_size)
 *fill*         0x20000568      0x400 

.dma_sec        0x20100000      0x220
                0x20100000                . = ALIGN (0x400)
 *(.dma_sec)
 .dma_sec       0x20100000      0x220 adc_dma.o
                0x20100000                dma_ctr_str
                0x20100200                adc_dma_buffer
LOAD main.o
LOAD startup.o
LOAD uart.o
LOAD xprintf.o
LOAD mil.o
LOAD adc_dma.o
START GROUP
LOAD /home/smolvik/gcc-arm-none-eabi-5_4-2016q3/lib/gcc/arm-none-eabi/5.4.1/armv6-m/libgcc.a
END GROUP
OUTPUT(blink.elf elf32-littlearm)

.debug_info     0x00000000     0x1ef3
 .debug_info    0x00000000      0xf07 main.o
 .debug_info    0x00000f07       0xf1 startup.o
 .debug_info    0x00000ff8      0x5d0 uart.o
 .debug_info    0x000015c8      0x4c9 xprintf.o
 .debug_info    0x00001a91       0xbc mil.o
 .debug_info    0x00001b4d      0x3a6 adc_dma.o

.debug_abbrev   0x00000000      0x800
 .debug_abbrev  0x00000000      0x2a7 main.o
 .debug_abbrev  0x000002a7       0xab startup.o
 .debug_abbrev  0x00000352      0x1ac uart.o
 .debug_abbrev  0x000004fe      0x194 xprintf.o
 .debug_abbrev  0x00000692       0x90 mil.o
 .debug_abbrev  0x00000722       0xde adc_dma.o

.debug_aranges  0x00000000       0xc0
 .debug_aranges
                0x00000000       0x20 main.o
 .debug_aranges
                0x00000020       0x20 startup.o
 .debug_aranges
                0x00000040       0x20 uart.o
 .debug_aranges
                0x00000060       0x20 xprintf.o
 .debug_aranges
                0x00000080       0x20 mil.o
 .debug_aranges
                0x000000a0       0x20 adc_dma.o

.debug_line     0x00000000      0x826
 .debug_line    0x00000000      0x2bd main.o
 .debug_line    0x000002bd       0x50 startup.o
 .debug_line    0x0000030d       0xf8 uart.o
 .debug_line    0x00000405      0x2e3 xprintf.o
 .debug_line    0x000006e8       0x7b mil.o
 .debug_line    0x00000763       0xc3 adc_dma.o

.debug_str      0x00000000      0xd1b
 .debug_str     0x00000000      0x7f2 main.o
                                0x837 (size before relaxing)
 .debug_str     0x000007f2       0xa5 startup.o
                                0x165 (size before relaxing)
 .debug_str     0x00000897       0x7e uart.o
                                0x4d0 (size before relaxing)
 .debug_str     0x00000915       0xb2 xprintf.o
                                0x1bf (size before relaxing)
 .debug_str     0x000009c7       0xa2 mil.o
                                0x135 (size before relaxing)
 .debug_str     0x00000a69      0x2b2 adc_dma.o
                                0x418 (size before relaxing)

.comment        0x00000000       0x6e
 .comment       0x00000000       0x6e main.o
                                 0x6f (size before relaxing)
 .comment       0x0000006e       0x6f startup.o
 .comment       0x0000006e       0x6f uart.o
 .comment       0x0000006e       0x6f xprintf.o
 .comment       0x0000006e       0x6f mil.o
 .comment       0x0000006e       0x6f adc_dma.o

.ARM.attributes
                0x00000000       0x31
 .ARM.attributes
                0x00000000       0x31 main.o
 .ARM.attributes
                0x00000031       0x31 startup.o
 .ARM.attributes
                0x00000062       0x31 uart.o
 .ARM.attributes
                0x00000093       0x31 xprintf.o
 .ARM.attributes
                0x000000c4       0x31 mil.o
 .ARM.attributes
                0x000000f5       0x31 adc_dma.o
 .ARM.attributes
                0x00000126       0x1e /home/smolvik/gcc-arm-none-eabi-5_4-2016q3/lib/gcc/arm-none-eabi/5.4.1/armv6-m/libgcc.a(_udivsi3.o)
 .ARM.attributes
                0x00000144       0x1e /home/smolvik/gcc-arm-none-eabi-5_4-2016q3/lib/gcc/arm-none-eabi/5.4.1/armv6-m/libgcc.a(_dvmd_tls.o)

.debug_frame    0x00000000      0x558
 .debug_frame   0x00000000      0x1f4 main.o
 .debug_frame   0x000001f4       0x4c startup.o
 .debug_frame   0x00000240       0xe8 uart.o
 .debug_frame   0x00000328      0x170 xprintf.o
 .debug_frame   0x00000498       0x20 mil.o
 .debug_frame   0x000004b8       0x80 adc_dma.o
 .debug_frame   0x00000538       0x20 /home/smolvik/gcc-arm-none-eabi-5_4-2016q3/lib/gcc/arm-none-eabi/5.4.1/armv6-m/libgcc.a(_udivsi3.o)

.debug_loc      0x00000000      0x3bc
 .debug_loc     0x00000000      0x3bc mil.o

.debug_ranges   0x00000000       0x10
 .debug_ranges  0x00000000       0x10 mil.o
