Archive member included to satisfy reference by file (symbol)

/home/smolvik/gcc-arm-none-eabi-5_4-2016q3/lib/gcc/arm-none-eabi/5.4.1/armv6-m/libgcc.a(_udivsi3.o)
                              xprintf.o (__aeabi_uidiv)
/home/smolvik/gcc-arm-none-eabi-5_4-2016q3/lib/gcc/arm-none-eabi/5.4.1/armv6-m/libgcc.a(_dvmd_tls.o)
                              /home/smolvik/gcc-arm-none-eabi-5_4-2016q3/lib/gcc/arm-none-eabi/5.4.1/armv6-m/libgcc.a(_udivsi3.o) (__aeabi_idiv0)

Memory Configuration

Name             Origin             Length             Attributes
RAM1             0x20000000         0x00008000         rw
RAM2             0x20100000         0x00004000         xrw
FLASH            0x00000000         0x00020000         xr
*default*        0x00000000         0xffffffff

Linker script and memory map


.text           0x00000000     0x1a14
                0x00000000                . = ALIGN (0x4)
 *(.interrupt_vector)
 .interrupt_vector
                0x00000000       0xc0 startup.o
                0x00000000                table_interrupt_vector
 *(.text)
 .text          0x000000c0      0xaec main.o
                0x000000f8                get_checksum
                0x00000148                sleep
                0x00000174                update_telemetry
                0x000002d8                send_command
                0x00000384                main
                0x00000464                PortConfig
                0x000005e4                dac_init
                0x00000610                ClkConfig
                0x00000684                TimerConfig
                0x00000780                mil_std_1533_init_rt
                0x00000824                SystemInit
                0x00000848                SysTick_Handler
                0x00000860                TIMER4_Handler
                0x0000088c                MIL_STD_1553B1_Handler
 .text          0x00000bac       0x68 startup.o
                0x00000bac                Reset_Handler
                0x00000bac                handler_reset
                0x00000c0c                DMA_Handler
                0x00000c0c                UART2_Handler
                0x00000c0c                HardFault_Handler
                0x00000c0c                ARINC429T2_Handler
                0x00000c0c                EXT_INT1_Handler
                0x00000c0c                PendSV_Handler
                0x00000c0c                NMI_Handler
                0x00000c0c                ADC_Handler
                0x00000c0c                TIMER2_Handler
                0x00000c0c                WWDG_Handler
                0x00000c0c                POWER_Handler
                0x00000c0c                BKP_Handler
                0x00000c0c                TIMER1_Handler
                0x00000c0c                CAN2_Handler
                0x00000c0c                TIMER3_Handler
                0x00000c0c                default_handler
                0x00000c0c                EXT_INT2_Handler
                0x00000c0c                USB_Handler
                0x00000c0c                ETHERNET_Handler
                0x00000c0c                ARINC429T4_Handler
                0x00000c0c                EXT_INT4_Handler
                0x00000c0c                MIL_STD_1553B2_Handler
                0x00000c0c                CAN1_Handler
                0x00000c0c                EXT_INT3_Handler
                0x00000c0c                SVC_Handler
                0x00000c0c                BUSY_Handler
                0x00000c0c                ARINC429T3_Handler
                0x00000c0c                SSP2_Handler
                0x00000c0c                SSP3_Handler
                0x00000c0c                ARINC429T1_Handler
                0x00000c0c                ARINC429R_Handler
                0x00000c0c                SSP1_Handler
 .text          0x00000c14      0x2d4 uart.o
                0x00000c84                uart_init
                0x00000d14                uart_read
                0x00000d8c                uart_send
                0x00000e34                uart_putch
                0x00000e60                UART1_Handler
 .text          0x00000ee8      0x844 xprintf.o
                0x00000ee8                xputc
                0x00000f40                xputs
                0x00000f68                xfputs
                0x000012c4                xprintf
                0x000012ec                xsprintf
                0x00001330                xfprintf
                0x00001370                put_dump
                0x00001474                xgets
                0x00001514                xfgets
                0x00001550                xatoi
 .text          0x0000172c      0x144 mil.o
                0x0000172c                mil_cpy
 .text          0x00001870      0x114 /home/smolvik/gcc-arm-none-eabi-5_4-2016q3/lib/gcc/arm-none-eabi/5.4.1/armv6-m/libgcc.a(_udivsi3.o)
                0x00001870                __udivsi3
                0x00001870                __aeabi_uidiv
                0x0000197c                __aeabi_uidivmod
 .text          0x00001984        0x4 /home/smolvik/gcc-arm-none-eabi-5_4-2016q3/lib/gcc/arm-none-eabi/5.4.1/armv6-m/libgcc.a(_dvmd_tls.o)
                0x00001984                __aeabi_ldiv0
                0x00001984                __aeabi_idiv0
 *(.text*)
 *(.rodata)
 .rodata        0x00001988        0xe main.o
 *fill*         0x00001996        0x2 
 .rodata        0x00001998       0x7b xprintf.o
 *(.rodata*)
                0x00001a14                . = ALIGN (0x4)
 *fill*         0x00001a13        0x1 
                0x00001a14                _data_flash = .

.glue_7         0x00001a14        0x0
 .glue_7        0x00001a14        0x0 linker stubs

.glue_7t        0x00001a14        0x0
 .glue_7t       0x00001a14        0x0 linker stubs

.vfp11_veneer   0x00001a14        0x0
 .vfp11_veneer  0x00001a14        0x0 linker stubs

.v4_bx          0x00001a14        0x0
 .v4_bx         0x00001a14        0x0 linker stubs

.iplt           0x00001a14        0x0
 .iplt          0x00001a14        0x0 main.o

.rel.dyn        0x00001a14        0x0
 .rel.iplt      0x00001a14        0x0 main.o

.data           0x20000000       0x44 load address 0x00001a14
                0x20000000                . = ALIGN (0x4)
                0x20000000                _data_begin = .
 *(.data)
 .data          0x20000000       0x44 main.o
                0x20000000                array_tm
                0x20000040                test_pwm
 .data          0x20000044        0x0 startup.o
 .data          0x20000044        0x0 uart.o
 .data          0x20000044        0x0 xprintf.o
 .data          0x20000044        0x0 mil.o
 .data          0x20000044        0x0 /home/smolvik/gcc-arm-none-eabi-5_4-2016q3/lib/gcc/arm-none-eabi/5.4.1/armv6-m/libgcc.a(_udivsi3.o)
 .data          0x20000044        0x0 /home/smolvik/gcc-arm-none-eabi-5_4-2016q3/lib/gcc/arm-none-eabi/5.4.1/armv6-m/libgcc.a(_dvmd_tls.o)
 *(.data*)
                0x20000044                . = ALIGN (0x4)
                0x20000044                _data_end = .

.igot.plt       0x20000044        0x0 load address 0x00001a58
 .igot.plt      0x20000044        0x0 main.o

.bss            0x20000044      0x4c8 load address 0x00001a58
                0x20000044                . = ALIGN (0x4)
                0x20000044                _bss_begin = .
                0x20000044                __bss_start__ = _bss_begin
 *(.bss)
 .bss           0x20000044       0xac main.o
                0x20000044                telemetry506_p1
                0x20000084                telemetry506_p2
                0x200000c4                control506
                0x200000d0                pdisp_tm
                0x200000d8                disp_idx
                0x200000dc                Current_Led
                0x200000e0                cnt
                0x200000e4                system_time
                0x200000e8                cwready_flg
                0x200000ec                tlmready_flg
 .bss           0x200000f0        0x0 startup.o
 .bss           0x200000f0      0x410 uart.o
                0x200000f0                tx_buf
                0x200002f0                tx_idx
                0x200002f4                tx_wr_idx
                0x200002f8                rx_buf
                0x200004f8                rx_idx
                0x200004fc                rx_rd_idx
 .bss           0x20000500        0xc xprintf.o
                0x20000500                xfunc_out
                0x20000508                xfunc_in
 .bss           0x2000050c        0x0 mil.o
 .bss           0x2000050c        0x0 /home/smolvik/gcc-arm-none-eabi-5_4-2016q3/lib/gcc/arm-none-eabi/5.4.1/armv6-m/libgcc.a(_udivsi3.o)
 .bss           0x2000050c        0x0 /home/smolvik/gcc-arm-none-eabi-5_4-2016q3/lib/gcc/arm-none-eabi/5.4.1/armv6-m/libgcc.a(_dvmd_tls.o)
 *(.bss*)
 *(COMMON)
                0x2000050c                . = ALIGN (0x4)
                0x2000050c                _bss_end = .
                0x2000050c                __bss_end__ = _bss_end
                0x00000400                _stack_size = 0x400
                0x20008000                _stack_end = (ORIGIN (RAM1) + LENGTH (RAM1))
                0x20007c00                _stack_begin = (_stack_end - _stack_size)
                0x20007c00                . = _stack_begin

._stack         0x2000050c      0x400 load address 0x00001f20
                0x2000090c                . = (. + _stack_size)
 *fill*         0x2000050c      0x400 
LOAD main.o
LOAD startup.o
LOAD uart.o
LOAD xprintf.o
LOAD mil.o
START GROUP
LOAD /home/smolvik/gcc-arm-none-eabi-5_4-2016q3/lib/gcc/arm-none-eabi/5.4.1/armv6-m/libgcc.a
END GROUP
OUTPUT(blink.elf elf32-littlearm)

.debug_info     0x00000000     0x19b2
 .debug_info    0x00000000      0xd6c main.o
 .debug_info    0x00000d6c       0xf1 startup.o
 .debug_info    0x00000e5d      0x5d0 uart.o
 .debug_info    0x0000142d      0x4c9 xprintf.o
 .debug_info    0x000018f6       0xbc mil.o

.debug_abbrev   0x00000000      0x6fe
 .debug_abbrev  0x00000000      0x283 main.o
 .debug_abbrev  0x00000283       0xab startup.o
 .debug_abbrev  0x0000032e      0x1ac uart.o
 .debug_abbrev  0x000004da      0x194 xprintf.o
 .debug_abbrev  0x0000066e       0x90 mil.o

.debug_aranges  0x00000000       0xa0
 .debug_aranges
                0x00000000       0x20 main.o
 .debug_aranges
                0x00000020       0x20 startup.o
 .debug_aranges
                0x00000040       0x20 uart.o
 .debug_aranges
                0x00000060       0x20 xprintf.o
 .debug_aranges
                0x00000080       0x20 mil.o

.debug_line     0x00000000      0x700
 .debug_line    0x00000000      0x25a main.o
 .debug_line    0x0000025a       0x50 startup.o
 .debug_line    0x000002aa       0xf8 uart.o
 .debug_line    0x000003a2      0x2e3 xprintf.o
 .debug_line    0x00000685       0x7b mil.o

.debug_str      0x00000000      0xa1c
 .debug_str     0x00000000      0x7a5 main.o
                                0x7ea (size before relaxing)
 .debug_str     0x000007a5       0xa5 startup.o
                                0x165 (size before relaxing)
 .debug_str     0x0000084a       0x7e uart.o
                                0x4d0 (size before relaxing)
 .debug_str     0x000008c8       0xb2 xprintf.o
                                0x1bf (size before relaxing)
 .debug_str     0x0000097a       0xa2 mil.o
                                0x135 (size before relaxing)

.comment        0x00000000       0x6e
 .comment       0x00000000       0x6e main.o
                                 0x6f (size before relaxing)
 .comment       0x0000006e       0x6f startup.o
 .comment       0x0000006e       0x6f uart.o
 .comment       0x0000006e       0x6f xprintf.o
 .comment       0x0000006e       0x6f mil.o

.ARM.attributes
                0x00000000       0x31
 .ARM.attributes
                0x00000000       0x31 main.o
 .ARM.attributes
                0x00000031       0x31 startup.o
 .ARM.attributes
                0x00000062       0x31 uart.o
 .ARM.attributes
                0x00000093       0x31 xprintf.o
 .ARM.attributes
                0x000000c4       0x31 mil.o
 .ARM.attributes
                0x000000f5       0x1e /home/smolvik/gcc-arm-none-eabi-5_4-2016q3/lib/gcc/arm-none-eabi/5.4.1/armv6-m/libgcc.a(_udivsi3.o)
 .ARM.attributes
                0x00000113       0x1e /home/smolvik/gcc-arm-none-eabi-5_4-2016q3/lib/gcc/arm-none-eabi/5.4.1/armv6-m/libgcc.a(_dvmd_tls.o)

.debug_frame    0x00000000      0x4b8
 .debug_frame   0x00000000      0x1d4 main.o
 .debug_frame   0x000001d4       0x4c startup.o
 .debug_frame   0x00000220       0xe8 uart.o
 .debug_frame   0x00000308      0x170 xprintf.o
 .debug_frame   0x00000478       0x20 mil.o
 .debug_frame   0x00000498       0x20 /home/smolvik/gcc-arm-none-eabi-5_4-2016q3/lib/gcc/arm-none-eabi/5.4.1/armv6-m/libgcc.a(_udivsi3.o)

.debug_loc      0x00000000      0x3bc
 .debug_loc     0x00000000      0x3bc mil.o

.debug_ranges   0x00000000       0x10
 .debug_ranges  0x00000000       0x10 mil.o
