
Memory Configuration

Name             Origin             Length             Attributes
FLASH            0x00000000         0x00020000         xr
SRAM1            0x20000000         0x00008000         xrw
SRAM2            0x20100000         0x00004000         xrw
*default*        0x00000000         0xffffffff

Linker script and memory map


.text           0x20100000      0x2cc
                0x20100000                . = ALIGN (0x4)
 *(.text)
 .text          0x20100000       0x5c main.o
                0x20100000                main
 .text          0x2010005c        0x0 FlashDev.o
 .text          0x2010005c      0x270 FlashPrg.o
                0x20100068                sleep
                0x20100088                Init
                0x201000d8                UnInit
                0x201000fc                EraseSector
                0x201001fc                ProgramPage
                0x201002cc                . = ALIGN (0x4)

DevDscr         0x201002cc     0x10a0
                [!provide]                PROVIDE (__start_DevDscr, .)
 DevDscr        0x201002cc     0x10a0 FlashDev.o
                0x201002cc                FlashDevice
                [!provide]                PROVIDE (__stop_DevDscr, .)

.glue_7         0x2010136c        0x0
 .glue_7        0x2010136c        0x0 linker stubs

.glue_7t        0x2010136c        0x0
 .glue_7t       0x2010136c        0x0 linker stubs

.vfp11_veneer   0x2010136c        0x0
 .vfp11_veneer  0x2010136c        0x0 linker stubs

.v4_bx          0x2010136c        0x0
 .v4_bx         0x2010136c        0x0 linker stubs

.iplt           0x2010136c        0x0
 .iplt          0x2010136c        0x0 main.o

.rel.dyn        0x2010136c        0x0
 .rel.iplt      0x2010136c        0x0 main.o

.data           0x20000000      0x200
                0x20000000                . = ALIGN (0x4)
 *(.data)
 .data          0x20000000      0x200 main.o
 .data          0x20000200        0x0 FlashDev.o
 .data          0x20000200        0x0 FlashPrg.o
                0x20000200                . = ALIGN (0x4)

.igot.plt       0x20000200        0x0
 .igot.plt      0x20000200        0x0 main.o

.bss            0x20000200        0x4
                0x20000200                . = ALIGN (0x4)
 *(.bss)
 .bss           0x20000200        0x0 main.o
 .bss           0x20000200        0x0 FlashDev.o
 .bss           0x20000200        0x4 FlashPrg.o
                0x20000204                . = ALIGN (0x4)
LOAD main.o
LOAD FlashDev.o
LOAD FlashPrg.o
OUTPUT(test.elf elf32-littlearm)

.debug_info     0x00000000      0x372
 .debug_info    0x00000000       0x91 main.o
 .debug_info    0x00000091      0x128 FlashDev.o
 .debug_info    0x000001b9      0x1b9 FlashPrg.o

.debug_abbrev   0x00000000      0x1d8
 .debug_abbrev  0x00000000       0x76 main.o
 .debug_abbrev  0x00000076       0x7b FlashDev.o
 .debug_abbrev  0x000000f1       0xe7 FlashPrg.o

.debug_aranges  0x00000000       0x58
 .debug_aranges
                0x00000000       0x20 main.o
 .debug_aranges
                0x00000020       0x18 FlashDev.o
 .debug_aranges
                0x00000038       0x20 FlashPrg.o

.debug_line     0x00000000      0x15d
 .debug_line    0x00000000       0x4d main.o
 .debug_line    0x0000004d       0x38 FlashDev.o
 .debug_line    0x00000085       0xd8 FlashPrg.o

.debug_str      0x00000000      0x200
 .debug_str     0x00000000       0xf0 main.o
 .debug_str     0x000000f0       0xa3 FlashDev.o
                                0x17b (size before relaxing)
 .debug_str     0x00000193       0x6d FlashPrg.o
                                0x14f (size before relaxing)

.comment        0x00000000       0x6e
 .comment       0x00000000       0x6e main.o
                                 0x6f (size before relaxing)
 .comment       0x0000006e       0x6f FlashDev.o
 .comment       0x0000006e       0x6f FlashPrg.o

.ARM.attributes
                0x00000000       0x31
 .ARM.attributes
                0x00000000       0x31 main.o
 .ARM.attributes
                0x00000031       0x31 FlashDev.o
 .ARM.attributes
                0x00000062       0x31 FlashPrg.o

.debug_frame    0x00000000       0xfc
 .debug_frame   0x00000000       0x30 main.o
 .debug_frame   0x00000030       0xcc FlashPrg.o
