Archive member included because of file (symbol)

c:/program files (x86)/gnu tools arm embedded/4.9 2015q3/bin/../lib/gcc/arm-none-eabi/4.9.3/../../../../arm-none-eabi/lib/armv7-m\libc_nano.a(lib_a-memcpy.o)
                              ./source/RTT/SEGGER_RTT.o (memcpy)
c:/program files (x86)/gnu tools arm embedded/4.9 2015q3/bin/../lib/gcc/arm-none-eabi/4.9.3/../../../../arm-none-eabi/lib/armv7-m\libc_nano.a(lib_a-strlen.o)
                              ./source/RTT/SEGGER_RTT.o (strlen)

Allocating common symbols
Common symbol       size              file

ld_state            0x4               ./source/LOADER.o
ld_error            0x4               ./source/LOADER.o
_SEGGER_RTT         0x48              ./source/RTT/SEGGER_RTT.o
ld_write            0x4008            ./source/LOADER.o

Discarded input sections

 .text          0x00000000        0x0 ./source/RTT/SEGGER_RTT.o
 .data          0x00000000        0x0 ./source/RTT/SEGGER_RTT.o
 .bss           0x00000000        0x0 ./source/RTT/SEGGER_RTT.o
 .data._aTerminalId
                0x00000000       0x10 ./source/RTT/SEGGER_RTT.o
 .bss._ActiveTerminal
                0x00000000        0x1 ./source/RTT/SEGGER_RTT.o
 .text._PostTerminalSwitch
                0x00000000       0x34 ./source/RTT/SEGGER_RTT.o
 .text.SEGGER_RTT_ReadNoLock
                0x00000000      0x104 ./source/RTT/SEGGER_RTT.o
 .text.SEGGER_RTT_Read
                0x00000000       0x38 ./source/RTT/SEGGER_RTT.o
 .text.SEGGER_RTT_WriteWithOverwriteNoLock
                0x00000000      0x128 ./source/RTT/SEGGER_RTT.o
 .text.SEGGER_RTT_WriteSkipNoLock
                0x00000000      0x13c ./source/RTT/SEGGER_RTT.o
 .text.SEGGER_RTT_GetKey
                0x00000000       0x34 ./source/RTT/SEGGER_RTT.o
 .text.SEGGER_RTT_WaitKey
                0x00000000       0x1c ./source/RTT/SEGGER_RTT.o
 .text.SEGGER_RTT_HasKey
                0x00000000       0x3c ./source/RTT/SEGGER_RTT.o
 .text.SEGGER_RTT_HasData
                0x00000000       0x38 ./source/RTT/SEGGER_RTT.o
 .text.SEGGER_RTT_AllocDownBuffer
                0x00000000       0xf4 ./source/RTT/SEGGER_RTT.o
 .text.SEGGER_RTT_AllocUpBuffer
                0x00000000       0xf4 ./source/RTT/SEGGER_RTT.o
 .text.SEGGER_RTT_ConfigDownBuffer
                0x00000000       0xd4 ./source/RTT/SEGGER_RTT.o
 .text.SEGGER_RTT_SetNameUpBuffer
                0x00000000       0x64 ./source/RTT/SEGGER_RTT.o
 .text.SEGGER_RTT_SetNameDownBuffer
                0x00000000       0x64 ./source/RTT/SEGGER_RTT.o
 .text.SEGGER_RTT_Init
                0x00000000        0xc ./source/RTT/SEGGER_RTT.o
 .text.SEGGER_RTT_SetTerminal
                0x00000000       0xb8 ./source/RTT/SEGGER_RTT.o
 .text.SEGGER_RTT_TerminalOut
                0x00000000      0x128 ./source/RTT/SEGGER_RTT.o
 .text          0x00000000        0x0 ./source/RTT/SEGGER_RTT_printf.o
 .data          0x00000000        0x0 ./source/RTT/SEGGER_RTT_printf.o
 .bss           0x00000000        0x0 ./source/RTT/SEGGER_RTT_printf.o
 .data          0x00000000        0x0 ./source/CMSIS/CM3/DeviceSupport/MDR32F9Qx/startup/gcc/startup_MDR32F9Qx.o
 .bss           0x00000000        0x0 ./source/CMSIS/CM3/DeviceSupport/MDR32F9Qx/startup/gcc/startup_MDR32F9Qx.o
 .text          0x00000000        0x0 ./source/CMSIS/CM3/DeviceSupport/MDR32F9Qx/startup/system_MDR32F9Qx.o
 .data          0x00000000        0x0 ./source/CMSIS/CM3/DeviceSupport/MDR32F9Qx/startup/system_MDR32F9Qx.o
 .bss           0x00000000        0x0 ./source/CMSIS/CM3/DeviceSupport/MDR32F9Qx/startup/system_MDR32F9Qx.o
 .text          0x00000000        0x0 ./source/LOADER.o
 .data          0x00000000        0x0 ./source/LOADER.o
 .bss           0x00000000        0x0 ./source/LOADER.o
 .text          0x00000000        0x0 c:/program files (x86)/gnu tools arm embedded/4.9 2015q3/bin/../lib/gcc/arm-none-eabi/4.9.3/../../../../arm-none-eabi/lib/armv7-m\libc_nano.a(lib_a-memcpy.o)
 .data          0x00000000        0x0 c:/program files (x86)/gnu tools arm embedded/4.9 2015q3/bin/../lib/gcc/arm-none-eabi/4.9.3/../../../../arm-none-eabi/lib/armv7-m\libc_nano.a(lib_a-memcpy.o)
 .bss           0x00000000        0x0 c:/program files (x86)/gnu tools arm embedded/4.9 2015q3/bin/../lib/gcc/arm-none-eabi/4.9.3/../../../../arm-none-eabi/lib/armv7-m\libc_nano.a(lib_a-memcpy.o)
 .text          0x00000000        0x0 c:/program files (x86)/gnu tools arm embedded/4.9 2015q3/bin/../lib/gcc/arm-none-eabi/4.9.3/../../../../arm-none-eabi/lib/armv7-m\libc_nano.a(lib_a-strlen.o)
 .data          0x00000000        0x0 c:/program files (x86)/gnu tools arm embedded/4.9 2015q3/bin/../lib/gcc/arm-none-eabi/4.9.3/../../../../arm-none-eabi/lib/armv7-m\libc_nano.a(lib_a-strlen.o)
 .bss           0x00000000        0x0 c:/program files (x86)/gnu tools arm embedded/4.9 2015q3/bin/../lib/gcc/arm-none-eabi/4.9.3/../../../../arm-none-eabi/lib/armv7-m\libc_nano.a(lib_a-strlen.o)

Memory Configuration

Name             Origin             Length             Attributes
FLASH            0x08000000         0x00020000         xr
RAMX             0x20000000         0x00002000         xrw
RAM              0x20002000         0x00006000         xrw
*default*        0x00000000         0xffffffff

Linker script and memory map

LOAD ./source/RTT/SEGGER_RTT.o
LOAD ./source/RTT/SEGGER_RTT_printf.o
LOAD ./source/CMSIS/CM3/DeviceSupport/MDR32F9Qx/startup/gcc/startup_MDR32F9Qx.o
LOAD ./source/CMSIS/CM3/DeviceSupport/MDR32F9Qx/startup/system_MDR32F9Qx.o
LOAD ./source/LOADER.o
START GROUP
LOAD c:/program files (x86)/gnu tools arm embedded/4.9 2015q3/bin/../lib/gcc/arm-none-eabi/4.9.3/armv7-m\libgcc.a
LOAD c:/program files (x86)/gnu tools arm embedded/4.9 2015q3/bin/../lib/gcc/arm-none-eabi/4.9.3/../../../../arm-none-eabi/lib/armv7-m\libc_nano.a
END GROUP
START GROUP
LOAD c:/program files (x86)/gnu tools arm embedded/4.9 2015q3/bin/../lib/gcc/arm-none-eabi/4.9.3/armv7-m\libgcc.a
LOAD c:/program files (x86)/gnu tools arm embedded/4.9 2015q3/bin/../lib/gcc/arm-none-eabi/4.9.3/../../../../arm-none-eabi/lib/armv7-m\libc_nano.a
END GROUP

.text           0x20000000     0x110a
 *(.isr_vector)
 .isr_vector    0x20000000       0xc0 ./source/CMSIS/CM3/DeviceSupport/MDR32F9Qx/startup/gcc/startup_MDR32F9Qx.o
                0x20000000                __isr_vector
 *(.text*)
 .text._DoInit  0x200000c0       0xa4 ./source/RTT/SEGGER_RTT.o
 .text._WriteBlocking
                0x20000164       0xb4 ./source/RTT/SEGGER_RTT.o
 .text._WriteNoCheck
                0x20000218       0x80 ./source/RTT/SEGGER_RTT.o
 .text._GetAvailWriteSpace
                0x20000298       0x48 ./source/RTT/SEGGER_RTT.o
 .text.SEGGER_RTT_WriteNoLock
                0x200002e0       0x9c ./source/RTT/SEGGER_RTT.o
                0x200002e0                SEGGER_RTT_WriteNoLock
 .text.SEGGER_RTT_Write
                0x2000037c       0x48 ./source/RTT/SEGGER_RTT.o
                0x2000037c                SEGGER_RTT_Write
 .text.SEGGER_RTT_WriteString
                0x200003c4       0x28 ./source/RTT/SEGGER_RTT.o
                0x200003c4                SEGGER_RTT_WriteString
 .text.SEGGER_RTT_ConfigUpBuffer
                0x200003ec       0xd4 ./source/RTT/SEGGER_RTT.o
                0x200003ec                SEGGER_RTT_ConfigUpBuffer
 .text._StoreChar
                0x200004c0       0x80 ./source/RTT/SEGGER_RTT_printf.o
 .text._PrintUnsigned
                0x20000540      0x154 ./source/RTT/SEGGER_RTT_printf.o
 .text._PrintInt
                0x20000694      0x14c ./source/RTT/SEGGER_RTT_printf.o
 .text.SEGGER_RTT_vprintf
                0x200007e0      0x334 ./source/RTT/SEGGER_RTT_printf.o
                0x200007e0                SEGGER_RTT_vprintf
 .text.SEGGER_RTT_printf
                0x20000b14       0x30 ./source/RTT/SEGGER_RTT_printf.o
                0x20000b14                SEGGER_RTT_printf
 .text          0x20000b44       0x44 ./source/CMSIS/CM3/DeviceSupport/MDR32F9Qx/startup/gcc/startup_MDR32F9Qx.o
                0x20000b44                Reset_Handler
                0x20000b84                HardFault_Handler
                0x20000b84                SysTick_Handler
                0x20000b84                EXT_INT1_IRQHandler
                0x20000b84                PendSV_Handler
                0x20000b84                NMI_Handler
                0x20000b84                UART1_IRQHandler
                0x20000b84                CAN1_IRQHandler
                0x20000b84                COMPARATOR_IRQHandler
                0x20000b84                POWER_IRQHandler
                0x20000b84                UsageFault_Handler
                0x20000b84                Timer3_IRQHandler
                0x20000b84                BACKUP_IRQHandler
                0x20000b84                DebugMon_Handler
                0x20000b84                UART2_IRQHandler
                0x20000b84                Timer2_IRQHandler
                0x20000b84                EXT_INT2_IRQHandler
                0x20000b84                Default_Handler
                0x20000b84                ADC_IRQHandler
                0x20000b84                SSP1_IRQHandler
                0x20000b84                USB_IRQHandler
                0x20000b84                Timer1_IRQHandler
                0x20000b84                EXT_INT3_IRQHandler
                0x20000b84                I2C_IRQHandler
                0x20000b84                MemManage_Handler
                0x20000b84                EXT_INT4_IRQHandler
                0x20000b84                SVC_Handler
                0x20000b84                WWDG_IRQHandler
                0x20000b84                SSP2_IRQHandler
                0x20000b84                DMA_IRQHandler
                0x20000b84                CAN2_IRQHandler
                0x20000b84                BusFault_Handler
 .text.SystemCoreClockUpdate
                0x20000b88       0xd8 ./source/CMSIS/CM3/DeviceSupport/MDR32F9Qx/startup/system_MDR32F9Qx.o
                0x20000b88                SystemCoreClockUpdate
 .text.SystemInit
                0x20000c60       0x58 ./source/CMSIS/CM3/DeviceSupport/MDR32F9Qx/startup/system_MDR32F9Qx.o
                0x20000c60                SystemInit
 .text.upause   0x20000cb8       0x44 ./source/LOADER.o
                0x20000cb8                upause
 .text.eeprom_erase
                0x20000cfc       0xc8 ./source/LOADER.o
                0x20000cfc                eeprom_erase
 .text.eeprom_write_block
                0x20000dc4      0x16c ./source/LOADER.o
                0x20000dc4                eeprom_write_block
 .text.main     0x20000f30       0xc4 ./source/LOADER.o
                0x20000f30                main
 .text.memcpy   0x20000ff4       0x16 c:/program files (x86)/gnu tools arm embedded/4.9 2015q3/bin/../lib/gcc/arm-none-eabi/4.9.3/../../../../arm-none-eabi/lib/armv7-m\libc_nano.a(lib_a-memcpy.o)
                0x20000ff4                memcpy
 .text.strlen   0x2000100a       0x10 c:/program files (x86)/gnu tools arm embedded/4.9 2015q3/bin/../lib/gcc/arm-none-eabi/4.9.3/../../../../arm-none-eabi/lib/armv7-m\libc_nano.a(lib_a-strlen.o)
                0x2000100a                strlen
 *(.init)
 *(.fini)
 *crtbegin.o(.ctors)
 *crtbegin?.o(.ctors)
 *(EXCLUDE_FILE(*crtend.o *crtend?.o) .ctors)
 *(SORT(.ctors.*))
 *(.ctors)
 *crtbegin.o(.dtors)
 *crtbegin?.o(.dtors)
 *(EXCLUDE_FILE(*crtend.o *crtend?.o) .dtors)
 *(SORT(.dtors.*))
 *(.dtors)
 *(.rodata*)
 *fill*         0x2000101a        0x2 
 .rodata        0x2000101c       0x17 ./source/RTT/SEGGER_RTT.o
 *fill*         0x20001033        0x1 
 .rodata._aV2C.4793
                0x20001034       0x10 ./source/RTT/SEGGER_RTT_printf.o
 .rodata        0x20001044       0xc6 ./source/LOADER.o
 *(.eh_frame*)

.glue_7         0x2000110c        0x0
 .glue_7        0x00000000        0x0 linker stubs

.glue_7t        0x2000110c        0x0
 .glue_7t       0x00000000        0x0 linker stubs

.vfp11_veneer   0x2000110c        0x0
 .vfp11_veneer  0x00000000        0x0 linker stubs

.v4_bx          0x2000110c        0x0
 .v4_bx         0x00000000        0x0 linker stubs

.iplt           0x2000110c        0x0
 .iplt          0x00000000        0x0 ./source/RTT/SEGGER_RTT.o

.rel.dyn        0x2000110c        0x0
 .rel.iplt      0x00000000        0x0 ./source/RTT/SEGGER_RTT.o

.ARM.extab
 *(.ARM.extab* .gnu.linkonce.armextab.*)
                0x2000110c                __exidx_start = .

.ARM.exidx
 *(.ARM.exidx* .gnu.linkonce.armexidx.*)
                0x2000110c                __exidx_end = .
                0x2000110c                . = ALIGN (0x4)
                0x2000110c                __etext = .

.data           0x20002000        0x4 load address 0x2000110c
                0x20002000                __data_start__ = .
 *(.ramfunc*)
                0x20002000                . = ALIGN (0x4)
 *(vtable)
 *(.data*)
 .data.SystemCoreClock
                0x20002000        0x4 ./source/CMSIS/CM3/DeviceSupport/MDR32F9Qx/startup/system_MDR32F9Qx.o
                0x20002000                SystemCoreClock
                0x20002004                . = ALIGN (0x4)
                0x20002004                PROVIDE (__preinit_array_start, .)
 *(.preinit_array)
                0x20002004                PROVIDE (__preinit_array_end, .)
                0x20002004                . = ALIGN (0x4)
                0x20002004                PROVIDE (__init_array_start, .)
 *(SORT(.init_array.*))
 *(.init_array)
                0x20002004                PROVIDE (__init_array_end, .)
                0x20002004                . = ALIGN (0x4)
                0x20002004                PROVIDE (__fini_array_start, .)
 *(SORT(.fini_array.*))
 *(.fini_array)
                0x20002004                PROVIDE (__fini_array_end, .)
 *(.jcr*)
                0x20002004                . = ALIGN (0x4)
                0x20002004                __data_end__ = .

.igot.plt       0x20002004        0x0 load address 0x20001110
 .igot.plt      0x00000000        0x0 ./source/RTT/SEGGER_RTT.o

.bss            0x20002004     0x4468 load address 0x20001110
                0x20002004                . = ALIGN (0x4)
                0x20002004                __bss_start__ = .
 *(.bss*)
 .bss._acUpBuffer
                0x20002004      0x400 ./source/RTT/SEGGER_RTT.o
 .bss._acDownBuffer
                0x20002404       0x10 ./source/RTT/SEGGER_RTT.o
 *(COMMON)
 COMMON         0x20002414       0x48 ./source/RTT/SEGGER_RTT.o
                0x20002414                _SEGGER_RTT
 COMMON         0x2000245c     0x4010 ./source/LOADER.o
                0x2000245c                ld_state
                0x20002460                ld_error
                0x20002464                ld_write
                0x2000646c                . = ALIGN (0x4)
                0x2000646c                __bss_end__ = .

.heap           0x20006470      0x400
                0x20006470                __end__ = .
                0x20006470                PROVIDE (end, .)
 *(.heap*)
 .heap          0x20006470      0x400 ./source/CMSIS/CM3/DeviceSupport/MDR32F9Qx/startup/gcc/startup_MDR32F9Qx.o
                0x20006470                __HeapBase
                0x20006870                __HeapLimit = .

.stack_dummy    0x20006470      0x800
 *(.stack*)
 .stack         0x20006470      0x800 ./source/CMSIS/CM3/DeviceSupport/MDR32F9Qx/startup/gcc/startup_MDR32F9Qx.o
                0x20008000                __StackTop = (ORIGIN (RAM) + 0x6000)
                0x20007800                __StackLimit = (__StackTop - SIZEOF (.stack_dummy))
                0x20008000                PROVIDE (__stack, __StackTop)
                0x00000001                ASSERT ((__StackLimit >= __HeapLimit), region RAM overflowed with stack)
OUTPUT(LOADER.elf elf32-littlearm)

.comment        0x00000000       0x70
 .comment       0x00000000       0x70 ./source/RTT/SEGGER_RTT.o
                                 0x71 (size before relaxing)
 .comment       0x00000000       0x71 ./source/RTT/SEGGER_RTT_printf.o
 .comment       0x00000000       0x71 ./source/CMSIS/CM3/DeviceSupport/MDR32F9Qx/startup/system_MDR32F9Qx.o
 .comment       0x00000000       0x71 ./source/LOADER.o

.ARM.attributes
                0x00000000       0x31
 .ARM.attributes
                0x00000000       0x33 ./source/RTT/SEGGER_RTT.o
 .ARM.attributes
                0x00000033       0x33 ./source/RTT/SEGGER_RTT_printf.o
 .ARM.attributes
                0x00000066       0x1b ./source/CMSIS/CM3/DeviceSupport/MDR32F9Qx/startup/gcc/startup_MDR32F9Qx.o
 .ARM.attributes
                0x00000081       0x33 ./source/CMSIS/CM3/DeviceSupport/MDR32F9Qx/startup/system_MDR32F9Qx.o
 .ARM.attributes
                0x000000b4       0x33 ./source/LOADER.o
 .ARM.attributes
                0x000000e7       0x2d c:/program files (x86)/gnu tools arm embedded/4.9 2015q3/bin/../lib/gcc/arm-none-eabi/4.9.3/../../../../arm-none-eabi/lib/armv7-m\libc_nano.a(lib_a-memcpy.o)
 .ARM.attributes
                0x00000114       0x2d c:/program files (x86)/gnu tools arm embedded/4.9 2015q3/bin/../lib/gcc/arm-none-eabi/4.9.3/../../../../arm-none-eabi/lib/armv7-m\libc_nano.a(lib_a-strlen.o)

.debug_frame    0x00000000       0x48
 .debug_frame   0x00000000       0x28 c:/program files (x86)/gnu tools arm embedded/4.9 2015q3/bin/../lib/gcc/arm-none-eabi/4.9.3/../../../../arm-none-eabi/lib/armv7-m\libc_nano.a(lib_a-memcpy.o)
 .debug_frame   0x00000028       0x20 c:/program files (x86)/gnu tools arm embedded/4.9 2015q3/bin/../lib/gcc/arm-none-eabi/4.9.3/../../../../arm-none-eabi/lib/armv7-m\libc_nano.a(lib_a-strlen.o)
