Archive member included to satisfy reference by file (symbol)

/home/smolvik/gcc-arm-none-eabi-5_4-2016q3/lib/gcc/arm-none-eabi/5.4.1/armv6-m/libgcc.a(_udivsi3.o)
                              xprintf.o (__aeabi_uidiv)
/home/smolvik/gcc-arm-none-eabi-5_4-2016q3/lib/gcc/arm-none-eabi/5.4.1/armv6-m/libgcc.a(_dvmd_tls.o)
                              /home/smolvik/gcc-arm-none-eabi-5_4-2016q3/lib/gcc/arm-none-eabi/5.4.1/armv6-m/libgcc.a(_udivsi3.o) (__aeabi_idiv0)

Memory Configuration

Name             Origin             Length             Attributes
RAM1             0x20000000         0x00008000         rw
RAM2             0x20100000         0x00004000         xrw
FLASH            0x00000000         0x00020000         xr
*default*        0x00000000         0xffffffff

Linker script and memory map


.text           0x00000000     0x18cc
                0x00000000                . = ALIGN (0x4)
 *(.interrupt_vector)
 .interrupt_vector
                0x00000000       0xc0 startup.o
                0x00000000                table_interrupt_vector
 *(.text)
 .text          0x000000c0      0xae0 main.o
                0x000000f8                mil_null
                0x00000104                mil_2pc
                0x00000164                sleep
                0x00000190                get_checksum
                0x000001d4                test_telem
                0x00000268                swpb
                0x00000284                test_cw
                0x00000358                stuff
                0x00000418                unstuff
                0x00000484                main
                0x00000714                PortConfig
                0x000008b4                ClkConfig
                0x00000928                TimerConfig
                0x0000099c                mil_std_1533_init_bc
                0x00000a48                SystemInit
                0x00000a68                SysTick_Handler
                0x00000a80                TIMER4_Handler
                0x00000b40                MIL_STD_1553B1_Handler
 .text          0x00000ba0       0x68 startup.o
                0x00000ba0                Reset_Handler
                0x00000ba0                handler_reset
                0x00000c00                DMA_Handler
                0x00000c00                HardFault_Handler
                0x00000c00                ARINC429T2_Handler
                0x00000c00                EXT_INT1_Handler
                0x00000c00                PendSV_Handler
                0x00000c00                NMI_Handler
                0x00000c00                ADC_Handler
                0x00000c00                TIMER2_Handler
                0x00000c00                WWDG_Handler
                0x00000c00                POWER_Handler
                0x00000c00                BKP_Handler
                0x00000c00                TIMER1_Handler
                0x00000c00                CAN2_Handler
                0x00000c00                TIMER3_Handler
                0x00000c00                default_handler
                0x00000c00                EXT_INT2_Handler
                0x00000c00                UART1_Handler
                0x00000c00                USB_Handler
                0x00000c00                ETHERNET_Handler
                0x00000c00                ARINC429T4_Handler
                0x00000c00                EXT_INT4_Handler
                0x00000c00                MIL_STD_1553B2_Handler
                0x00000c00                CAN1_Handler
                0x00000c00                EXT_INT3_Handler
                0x00000c00                SVC_Handler
                0x00000c00                BUSY_Handler
                0x00000c00                ARINC429T3_Handler
                0x00000c00                SSP2_Handler
                0x00000c00                SSP3_Handler
                0x00000c00                ARINC429T1_Handler
                0x00000c00                ARINC429R_Handler
                0x00000c00                SSP1_Handler
 .text          0x00000c08      0x2ec uart.o
                0x00000c60                uart_init
                0x00000ce0                uart_putch
                0x00000d0c                uart_read
                0x00000da8                uart_send
                0x00000e44                UART2_Handler
 .text          0x00000ef4      0x844 xprintf.o
                0x00000ef4                xputc
                0x00000f4c                xputs
                0x00000f74                xfputs
                0x000012d0                xprintf
                0x000012f8                xsprintf
                0x0000133c                xfprintf
                0x0000137c                put_dump
                0x00001480                xgets
                0x00001520                xfgets
                0x0000155c                xatoi
 .text          0x00001738      0x114 /home/smolvik/gcc-arm-none-eabi-5_4-2016q3/lib/gcc/arm-none-eabi/5.4.1/armv6-m/libgcc.a(_udivsi3.o)
                0x00001738                __udivsi3
                0x00001738                __aeabi_uidiv
                0x00001844                __aeabi_uidivmod
 .text          0x0000184c        0x4 /home/smolvik/gcc-arm-none-eabi-5_4-2016q3/lib/gcc/arm-none-eabi/5.4.1/armv6-m/libgcc.a(_dvmd_tls.o)
                0x0000184c                __aeabi_ldiv0
                0x0000184c                __aeabi_idiv0
 *(.text*)
 *(.rodata)
 .rodata        0x00001850       0x7b xprintf.o
 *(.rodata*)
                0x000018cc                . = ALIGN (0x4)
 *fill*         0x000018cb        0x1 
                0x000018cc                _data_flash = .

.glue_7         0x000018cc        0x0
 .glue_7        0x000018cc        0x0 linker stubs

.glue_7t        0x000018cc        0x0
 .glue_7t       0x000018cc        0x0 linker stubs

.vfp11_veneer   0x000018cc        0x0
 .vfp11_veneer  0x000018cc        0x0 linker stubs

.v4_bx          0x000018cc        0x0
 .v4_bx         0x000018cc        0x0 linker stubs

.iplt           0x000018cc        0x0
 .iplt          0x000018cc        0x0 main.o

.rel.dyn        0x000018cc        0x0
 .rel.iplt      0x000018cc        0x0 main.o

.data           0x20000000       0x4c load address 0x000018cc
                0x20000000                . = ALIGN (0x4)
                0x20000000                _data_begin = .
 *(.data)
 .data          0x20000000       0x4c main.o
                0x20000000                tttt
                0x20000044                marker_seq
                0x20000048                proc_mil
 .data          0x2000004c        0x0 startup.o
 .data          0x2000004c        0x0 uart.o
 .data          0x2000004c        0x0 xprintf.o
 .data          0x2000004c        0x0 /home/smolvik/gcc-arm-none-eabi-5_4-2016q3/lib/gcc/arm-none-eabi/5.4.1/armv6-m/libgcc.a(_udivsi3.o)
 .data          0x2000004c        0x0 /home/smolvik/gcc-arm-none-eabi-5_4-2016q3/lib/gcc/arm-none-eabi/5.4.1/armv6-m/libgcc.a(_dvmd_tls.o)
 *(.data*)
                0x2000004c                . = ALIGN (0x4)
                0x2000004c                _data_end = .

.igot.plt       0x2000004c        0x0 load address 0x00001918
 .igot.plt      0x2000004c        0x0 main.o

.bss            0x2000004c     0x40b8 load address 0x00001918
                0x2000004c                . = ALIGN (0x4)
                0x2000004c                _bss_begin = .
                0x2000004c                __bss_start__ = _bss_begin
 *(.bss)
 .bss           0x2000004c       0x9c main.o
                0x2000004c                array_tm2
                0x2000008c                array_test
                0x200000d0                milerrcnt
                0x200000d4                milfrmcnt
                0x200000d8                crcerrcnt
                0x200000dc                system_time
                0x200000e0                marker_flg
                0x200000e4                tlm_flg
 .bss           0x200000e8        0x0 startup.o
 .bss           0x200000e8     0x4010 uart.o
                0x200000e8                tx_buf
                0x200020e8                tx_idx
                0x200020ec                tx_wr_idx
                0x200020f0                rx_buf
                0x200040f0                rx_idx
                0x200040f4                rx_rd_idx
 .bss           0x200040f8        0xc xprintf.o
                0x200040f8                xfunc_out
                0x20004100                xfunc_in
 .bss           0x20004104        0x0 /home/smolvik/gcc-arm-none-eabi-5_4-2016q3/lib/gcc/arm-none-eabi/5.4.1/armv6-m/libgcc.a(_udivsi3.o)
 .bss           0x20004104        0x0 /home/smolvik/gcc-arm-none-eabi-5_4-2016q3/lib/gcc/arm-none-eabi/5.4.1/armv6-m/libgcc.a(_dvmd_tls.o)
 *(.bss*)
 *(COMMON)
                0x20004104                . = ALIGN (0x4)
                0x20004104                _bss_end = .
                0x20004104                __bss_end__ = _bss_end
                0x00000400                _stack_size = 0x400
                0x20008000                _stack_end = (ORIGIN (RAM1) + LENGTH (RAM1))
                0x20007c00                _stack_begin = (_stack_end - _stack_size)
                0x20007c00                . = _stack_begin

._stack         0x20004104      0x400 load address 0x000059d0
                0x20004504                . = (. + _stack_size)
 *fill*         0x20004104      0x400 
LOAD main.o
LOAD startup.o
LOAD uart.o
LOAD xprintf.o
START GROUP
LOAD /home/smolvik/gcc-arm-none-eabi-5_4-2016q3/lib/gcc/arm-none-eabi/5.4.1/armv6-m/libgcc.a
END GROUP
OUTPUT(blink.elf elf32-littlearm)

.debug_info     0x00000000     0x182a
 .debug_info    0x00000000      0xbf0 main.o
 .debug_info    0x00000bf0       0xf1 startup.o
 .debug_info    0x00000ce1      0x680 uart.o
 .debug_info    0x00001361      0x4c9 xprintf.o

.debug_abbrev   0x00000000      0x6b5
 .debug_abbrev  0x00000000      0x28f main.o
 .debug_abbrev  0x0000028f       0xab startup.o
 .debug_abbrev  0x0000033a      0x1e7 uart.o
 .debug_abbrev  0x00000521      0x194 xprintf.o

.debug_aranges  0x00000000       0x80
 .debug_aranges
                0x00000000       0x20 main.o
 .debug_aranges
                0x00000020       0x20 startup.o
 .debug_aranges
                0x00000040       0x20 uart.o
 .debug_aranges
                0x00000060       0x20 xprintf.o

.debug_line     0x00000000      0x6c4
 .debug_line    0x00000000      0x273 main.o
 .debug_line    0x00000273       0x50 startup.o
 .debug_line    0x000002c3      0x11e uart.o
 .debug_line    0x000003e1      0x2e3 xprintf.o

.debug_str      0x00000000      0x8f8
 .debug_str     0x00000000      0x6f0 main.o
                                0x729 (size before relaxing)
 .debug_str     0x000006f0       0xa5 startup.o
                                0x16a (size before relaxing)
 .debug_str     0x00000795       0xbb uart.o
                                0x507 (size before relaxing)
 .debug_str     0x00000850       0xa8 xprintf.o
                                0x1c4 (size before relaxing)

.comment        0x00000000       0x6e
 .comment       0x00000000       0x6e main.o
                                 0x6f (size before relaxing)
 .comment       0x0000006e       0x6f startup.o
 .comment       0x0000006e       0x6f uart.o
 .comment       0x0000006e       0x6f xprintf.o

.ARM.attributes
                0x00000000       0x31
 .ARM.attributes
                0x00000000       0x31 main.o
 .ARM.attributes
                0x00000031       0x31 startup.o
 .ARM.attributes
                0x00000062       0x31 uart.o
 .ARM.attributes
                0x00000093       0x31 xprintf.o
 .ARM.attributes
                0x000000c4       0x1e /home/smolvik/gcc-arm-none-eabi-5_4-2016q3/lib/gcc/arm-none-eabi/5.4.1/armv6-m/libgcc.a(_udivsi3.o)
 .ARM.attributes
                0x000000e2       0x1e /home/smolvik/gcc-arm-none-eabi-5_4-2016q3/lib/gcc/arm-none-eabi/5.4.1/armv6-m/libgcc.a(_dvmd_tls.o)

.debug_frame    0x00000000      0x518
 .debug_frame   0x00000000      0x254 main.o
 .debug_frame   0x00000254       0x4c startup.o
 .debug_frame   0x000002a0       0xe8 uart.o
 .debug_frame   0x00000388      0x170 xprintf.o
 .debug_frame   0x000004f8       0x20 /home/smolvik/gcc-arm-none-eabi-5_4-2016q3/lib/gcc/arm-none-eabi/5.4.1/armv6-m/libgcc.a(_udivsi3.o)
