Archive member included to satisfy reference by file (symbol)

/home/smolvik/gcc-arm-none-eabi-5_4-2016q3/lib/gcc/arm-none-eabi/5.4.1/armv6-m/libgcc.a(_udivsi3.o)
                              xprintf.o (__aeabi_uidiv)
/home/smolvik/gcc-arm-none-eabi-5_4-2016q3/lib/gcc/arm-none-eabi/5.4.1/armv6-m/libgcc.a(_dvmd_tls.o)
                              /home/smolvik/gcc-arm-none-eabi-5_4-2016q3/lib/gcc/arm-none-eabi/5.4.1/armv6-m/libgcc.a(_udivsi3.o) (__aeabi_idiv0)

Memory Configuration

Name             Origin             Length             Attributes
RAM1             0x20000000         0x00008000         rw
RAM2             0x20100000         0x00004000         xrw
FLASH            0x00000000         0x00020000         xr
*default*        0x00000000         0xffffffff

Linker script and memory map


.text           0x00000000     0x1710
                0x00000000                . = ALIGN (0x4)
 *(.interrupt_vector)
 .interrupt_vector
                0x00000000       0xc0 startup.o
                0x00000000                table_interrupt_vector
 *(.text)
 .text          0x000000c0      0x924 main.o
                0x000000f8                mil_null
                0x00000104                mil_2pc
                0x00000164                sleep
                0x00000190                get_checksum
                0x000001d4                test_telem
                0x00000268                swpb
                0x00000284                test_cw
                0x00000358                main
                0x00000558                PortConfig
                0x000006f8                ClkConfig
                0x0000076c                TimerConfig
                0x000007e0                mil_std_1533_init_bc
                0x0000088c                SystemInit
                0x000008ac                SysTick_Handler
                0x000008c4                TIMER4_Handler
                0x00000984                MIL_STD_1553B1_Handler
 .text          0x000009e4       0x68 startup.o
                0x000009e4                Reset_Handler
                0x000009e4                handler_reset
                0x00000a44                DMA_Handler
                0x00000a44                HardFault_Handler
                0x00000a44                ARINC429T2_Handler
                0x00000a44                EXT_INT1_Handler
                0x00000a44                PendSV_Handler
                0x00000a44                NMI_Handler
                0x00000a44                ADC_Handler
                0x00000a44                TIMER2_Handler
                0x00000a44                WWDG_Handler
                0x00000a44                POWER_Handler
                0x00000a44                BKP_Handler
                0x00000a44                TIMER1_Handler
                0x00000a44                CAN2_Handler
                0x00000a44                TIMER3_Handler
                0x00000a44                default_handler
                0x00000a44                EXT_INT2_Handler
                0x00000a44                UART1_Handler
                0x00000a44                USB_Handler
                0x00000a44                ETHERNET_Handler
                0x00000a44                ARINC429T4_Handler
                0x00000a44                EXT_INT4_Handler
                0x00000a44                MIL_STD_1553B2_Handler
                0x00000a44                CAN1_Handler
                0x00000a44                EXT_INT3_Handler
                0x00000a44                SVC_Handler
                0x00000a44                BUSY_Handler
                0x00000a44                ARINC429T3_Handler
                0x00000a44                SSP2_Handler
                0x00000a44                SSP3_Handler
                0x00000a44                ARINC429T1_Handler
                0x00000a44                ARINC429R_Handler
                0x00000a44                SSP1_Handler
 .text          0x00000a4c      0x2ec uart.o
                0x00000aa4                uart_init
                0x00000b24                uart_putch
                0x00000b50                uart_read
                0x00000bec                uart_send
                0x00000c88                UART2_Handler
 .text          0x00000d38      0x844 xprintf.o
                0x00000d38                xputc
                0x00000d90                xputs
                0x00000db8                xfputs
                0x00001114                xprintf
                0x0000113c                xsprintf
                0x00001180                xfprintf
                0x000011c0                put_dump
                0x000012c4                xgets
                0x00001364                xfgets
                0x000013a0                xatoi
 .text          0x0000157c      0x114 /home/smolvik/gcc-arm-none-eabi-5_4-2016q3/lib/gcc/arm-none-eabi/5.4.1/armv6-m/libgcc.a(_udivsi3.o)
                0x0000157c                __udivsi3
                0x0000157c                __aeabi_uidiv
                0x00001688                __aeabi_uidivmod
 .text          0x00001690        0x4 /home/smolvik/gcc-arm-none-eabi-5_4-2016q3/lib/gcc/arm-none-eabi/5.4.1/armv6-m/libgcc.a(_dvmd_tls.o)
                0x00001690                __aeabi_ldiv0
                0x00001690                __aeabi_idiv0
 *(.text*)
 *(.rodata)
 .rodata        0x00001694       0x7b xprintf.o
 *(.rodata*)
                0x00001710                . = ALIGN (0x4)
 *fill*         0x0000170f        0x1 
                0x00001710                _data_flash = .

.glue_7         0x00001710        0x0
 .glue_7        0x00001710        0x0 linker stubs

.glue_7t        0x00001710        0x0
 .glue_7t       0x00001710        0x0 linker stubs

.vfp11_veneer   0x00001710        0x0
 .vfp11_veneer  0x00001710        0x0 linker stubs

.v4_bx          0x00001710        0x0
 .v4_bx         0x00001710        0x0 linker stubs

.iplt           0x00001710        0x0
 .iplt          0x00001710        0x0 main.o

.rel.dyn        0x00001710        0x0
 .rel.iplt      0x00001710        0x0 main.o

.data           0x20000000       0x4c load address 0x00001710
                0x20000000                . = ALIGN (0x4)
                0x20000000                _data_begin = .
 *(.data)
 .data          0x20000000       0x4c main.o
                0x20000000                tttt
                0x20000044                marker_seq
                0x20000048                proc_mil
 .data          0x2000004c        0x0 startup.o
 .data          0x2000004c        0x0 uart.o
 .data          0x2000004c        0x0 xprintf.o
 .data          0x2000004c        0x0 /home/smolvik/gcc-arm-none-eabi-5_4-2016q3/lib/gcc/arm-none-eabi/5.4.1/armv6-m/libgcc.a(_udivsi3.o)
 .data          0x2000004c        0x0 /home/smolvik/gcc-arm-none-eabi-5_4-2016q3/lib/gcc/arm-none-eabi/5.4.1/armv6-m/libgcc.a(_dvmd_tls.o)
 *(.data*)
                0x2000004c                . = ALIGN (0x4)
                0x2000004c                _data_end = .

.igot.plt       0x2000004c        0x0 load address 0x0000175c
 .igot.plt      0x2000004c        0x0 main.o

.bss            0x2000004c     0x40b8 load address 0x0000175c
                0x2000004c                . = ALIGN (0x4)
                0x2000004c                _bss_begin = .
                0x2000004c                __bss_start__ = _bss_begin
 *(.bss)
 .bss           0x2000004c       0x9c main.o
                0x2000004c                array_tm2
                0x2000008c                array_test
                0x200000d0                milerrcnt
                0x200000d4                milfrmcnt
                0x200000d8                crcerrcnt
                0x200000dc                system_time
                0x200000e0                marker_flg
                0x200000e4                tlm_flg
 .bss           0x200000e8        0x0 startup.o
 .bss           0x200000e8     0x4010 uart.o
                0x200000e8                tx_buf
                0x200020e8                tx_idx
                0x200020ec                tx_wr_idx
                0x200020f0                rx_buf
                0x200040f0                rx_idx
                0x200040f4                rx_rd_idx
 .bss           0x200040f8        0xc xprintf.o
                0x200040f8                xfunc_out
                0x20004100                xfunc_in
 .bss           0x20004104        0x0 /home/smolvik/gcc-arm-none-eabi-5_4-2016q3/lib/gcc/arm-none-eabi/5.4.1/armv6-m/libgcc.a(_udivsi3.o)
 .bss           0x20004104        0x0 /home/smolvik/gcc-arm-none-eabi-5_4-2016q3/lib/gcc/arm-none-eabi/5.4.1/armv6-m/libgcc.a(_dvmd_tls.o)
 *(.bss*)
 *(COMMON)
                0x20004104                . = ALIGN (0x4)
                0x20004104                _bss_end = .
                0x20004104                __bss_end__ = _bss_end
                0x00000400                _stack_size = 0x400
                0x20008000                _stack_end = (ORIGIN (RAM1) + LENGTH (RAM1))
                0x20007c00                _stack_begin = (_stack_end - _stack_size)
                0x20007c00                . = _stack_begin

._stack         0x20004104      0x400 load address 0x00005814
                0x20004504                . = (. + _stack_size)
 *fill*         0x20004104      0x400 
LOAD main.o
LOAD startup.o
LOAD uart.o
LOAD xprintf.o
START GROUP
LOAD /home/smolvik/gcc-arm-none-eabi-5_4-2016q3/lib/gcc/arm-none-eabi/5.4.1/armv6-m/libgcc.a
END GROUP
OUTPUT(blink.elf elf32-littlearm)

.debug_info     0x00000000     0x1742
 .debug_info    0x00000000      0xb08 main.o
 .debug_info    0x00000b08       0xf1 startup.o
 .debug_info    0x00000bf9      0x680 uart.o
 .debug_info    0x00001279      0x4c9 xprintf.o

.debug_abbrev   0x00000000      0x6aa
 .debug_abbrev  0x00000000      0x284 main.o
 .debug_abbrev  0x00000284       0xab startup.o
 .debug_abbrev  0x0000032f      0x1e7 uart.o
 .debug_abbrev  0x00000516      0x194 xprintf.o

.debug_aranges  0x00000000       0x80
 .debug_aranges
                0x00000000       0x20 main.o
 .debug_aranges
                0x00000020       0x20 startup.o
 .debug_aranges
                0x00000040       0x20 uart.o
 .debug_aranges
                0x00000060       0x20 xprintf.o

.debug_line     0x00000000      0x67f
 .debug_line    0x00000000      0x22e main.o
 .debug_line    0x0000022e       0x50 startup.o
 .debug_line    0x0000027e      0x11e uart.o
 .debug_line    0x0000039c      0x2e3 xprintf.o

.debug_str      0x00000000      0x8db
 .debug_str     0x00000000      0x6d3 main.o
                                0x706 (size before relaxing)
 .debug_str     0x000006d3       0xa5 startup.o
                                0x16a (size before relaxing)
 .debug_str     0x00000778       0xbb uart.o
                                0x507 (size before relaxing)
 .debug_str     0x00000833       0xa8 xprintf.o
                                0x1c4 (size before relaxing)

.comment        0x00000000       0x6e
 .comment       0x00000000       0x6e main.o
                                 0x6f (size before relaxing)
 .comment       0x0000006e       0x6f startup.o
 .comment       0x0000006e       0x6f uart.o
 .comment       0x0000006e       0x6f xprintf.o

.ARM.attributes
                0x00000000       0x31
 .ARM.attributes
                0x00000000       0x31 main.o
 .ARM.attributes
                0x00000031       0x31 startup.o
 .ARM.attributes
                0x00000062       0x31 uart.o
 .ARM.attributes
                0x00000093       0x31 xprintf.o
 .ARM.attributes
                0x000000c4       0x1e /home/smolvik/gcc-arm-none-eabi-5_4-2016q3/lib/gcc/arm-none-eabi/5.4.1/armv6-m/libgcc.a(_udivsi3.o)
 .ARM.attributes
                0x000000e2       0x1e /home/smolvik/gcc-arm-none-eabi-5_4-2016q3/lib/gcc/arm-none-eabi/5.4.1/armv6-m/libgcc.a(_dvmd_tls.o)

.debug_frame    0x00000000      0x4d8
 .debug_frame   0x00000000      0x214 main.o
 .debug_frame   0x00000214       0x4c startup.o
 .debug_frame   0x00000260       0xe8 uart.o
 .debug_frame   0x00000348      0x170 xprintf.o
 .debug_frame   0x000004b8       0x20 /home/smolvik/gcc-arm-none-eabi-5_4-2016q3/lib/gcc/arm-none-eabi/5.4.1/armv6-m/libgcc.a(_udivsi3.o)
