
Memory Configuration

Name             Origin             Length             Attributes
RAM1             0x20000000         0x00008000         rw
RAM2             0x20100000         0x00004000         xrw
FLASH            0x00000000         0x00020000         xr
*default*        0x00000000         0xffffffff

Linker script and memory map


.text           0x00000000      0x620
                0x00000000                . = ALIGN (0x4)
 *(.interrupt_vector)
 .interrupt_vector
                0x00000000       0xc0 startup.o
                0x00000000                table_interrupt_vector
 *(.text)
 .text          0x000000c0      0x4e8 main.o
                0x000001a4                sleep
                0x000001d0                main
                0x00000244                PortConfig
                0x0000037c                ClkConfig
                0x000003f0                TimerConfig
                0x000004e4                UartConfig
                0x00000544                SystemInit
                0x00000568                SysTick_Handler
                0x00000580                TIMER4_Handler
 .text          0x000005a8       0x68 startup.o
                0x000005a8                Reset_Handler
                0x000005a8                handler_reset
                0x00000608                DMA_Handler
                0x00000608                UART2_Handler
                0x00000608                HardFault_Handler
                0x00000608                ARINC429T2_Handler
                0x00000608                EXT_INT1_Handler
                0x00000608                PendSV_Handler
                0x00000608                NMI_Handler
                0x00000608                ADC_Handler
                0x00000608                TIMER2_Handler
                0x00000608                WWDG_Handler
                0x00000608                POWER_Handler
                0x00000608                BKP_Handler
                0x00000608                TIMER1_Handler
                0x00000608                MIL_STD_1553B1_Handler
                0x00000608                CAN2_Handler
                0x00000608                TIMER3_Handler
                0x00000608                default_handler
                0x00000608                EXT_INT2_Handler
                0x00000608                UART1_Handler
                0x00000608                USB_Handler
                0x00000608                ETHERNET_Handler
                0x00000608                ARINC429T4_Handler
                0x00000608                EXT_INT4_Handler
                0x00000608                MIL_STD_1553B2_Handler
                0x00000608                CAN1_Handler
                0x00000608                EXT_INT3_Handler
                0x00000608                SVC_Handler
                0x00000608                BUSY_Handler
                0x00000608                ARINC429T3_Handler
                0x00000608                SSP2_Handler
                0x00000608                SSP3_Handler
                0x00000608                ARINC429T1_Handler
                0x00000608                ARINC429R_Handler
                0x00000608                SSP1_Handler
 *(.text*)
 *(.rodata)
 .rodata        0x00000610        0xe main.o
 *(.rodata*)
                0x00000620                . = ALIGN (0x4)
 *fill*         0x0000061e        0x2 
                0x00000620                _data_flash = .

.glue_7         0x00000620        0x0
 .glue_7        0x00000620        0x0 linker stubs

.glue_7t        0x00000620        0x0
 .glue_7t       0x00000620        0x0 linker stubs

.vfp11_veneer   0x00000620        0x0
 .vfp11_veneer  0x00000620        0x0 linker stubs

.v4_bx          0x00000620        0x0
 .v4_bx         0x00000620        0x0 linker stubs

.iplt           0x00000620        0x0
 .iplt          0x00000620        0x0 main.o

.rel.dyn        0x00000620        0x0
 .rel.iplt      0x00000620        0x0 main.o

.data           0x20000000        0x4 load address 0x00000620
                0x20000000                . = ALIGN (0x4)
                0x20000000                _data_begin = .
 *(.data)
 .data          0x20000000        0x4 main.o
                0x20000000                test_pwm
 .data          0x20000004        0x0 startup.o
 *(.data*)
                0x20000004                . = ALIGN (0x4)
                0x20000004                _data_end = .

.igot.plt       0x20000004        0x0 load address 0x00000624
 .igot.plt      0x20000004        0x0 main.o

.bss            0x20000004        0xc load address 0x00000624
                0x20000004                . = ALIGN (0x4)
                0x20000004                _bss_begin = .
                0x20000004                __bss_start__ = _bss_begin
 *(.bss)
 .bss           0x20000004        0xc main.o
                0x20000004                Current_Led
                0x20000008                i
                0x2000000c                system_time
 .bss           0x20000010        0x0 startup.o
 *(.bss*)
 *(COMMON)
                0x20000010                . = ALIGN (0x4)
                0x20000010                _bss_end = .
                0x20000010                __bss_end__ = _bss_end
                0x00000400                _stack_size = 0x400
                0x20008000                _stack_end = (ORIGIN (RAM1) + LENGTH (RAM1))
                0x20007c00                _stack_begin = (_stack_end - _stack_size)
                0x20007c00                . = _stack_begin

._stack         0x20000010      0x400 load address 0x00000630
                0x20000410                . = (. + _stack_size)
 *fill*         0x20000010      0x400 
LOAD main.o
LOAD startup.o
OUTPUT(blink.elf elf32-littlearm)

.debug_info     0x00000000      0xb09
 .debug_info    0x00000000      0xa18 main.o
 .debug_info    0x00000a18       0xf1 startup.o

.debug_abbrev   0x00000000      0x2b4
 .debug_abbrev  0x00000000      0x209 main.o
 .debug_abbrev  0x00000209       0xab startup.o

.debug_aranges  0x00000000       0x40
 .debug_aranges
                0x00000000       0x20 main.o
 .debug_aranges
                0x00000020       0x20 startup.o

.debug_line     0x00000000      0x1ca
 .debug_line    0x00000000      0x17a main.o
 .debug_line    0x0000017a       0x50 startup.o

.debug_str      0x00000000      0x728
 .debug_str     0x00000000      0x683 main.o
                                0x6b3 (size before relaxing)
 .debug_str     0x00000683       0xa5 startup.o
                                0x160 (size before relaxing)

.comment        0x00000000       0x6e
 .comment       0x00000000       0x6e main.o
                                 0x6f (size before relaxing)
 .comment       0x0000006e       0x6f startup.o

.ARM.attributes
                0x00000000       0x31
 .ARM.attributes
                0x00000000       0x31 main.o
 .ARM.attributes
                0x00000031       0x31 startup.o

.debug_frame    0x00000000      0x1c0
 .debug_frame   0x00000000      0x174 main.o
 .debug_frame   0x00000174       0x4c startup.o
