Archive member included to satisfy reference by file (symbol)

/home/smolvik/gcc-arm-none-eabi-5_4-2016q3/lib/gcc/arm-none-eabi/5.4.1/armv6-m/libgcc.a(_thumb1_case_uqi.o)
                              regcur.o (__gnu_thumb1_case_uqi)

Memory Configuration

Name             Origin             Length             Attributes
FLASH            0x00000000         0x00020000         xr
SRAM1            0x20000000         0x00008000         xrw
SRAM2            0x20100000         0x00004000         xrw
*default*        0x00000000         0xffffffff

Linker script and memory map


.text           0x20100000      0xef0
 *(.main_sec)
 .main_sec      0x20100000      0x158 main.o
                0x20100000                main
 *(.text)
 .text          0x20100158      0x654 main.o
                0x20100158                sleep
                0x2010018c                PortConfig
                0x201002d4                ClkConfig
                0x20100348                TimerConfig
                0x20100528                adc_init
                0x20100558                dac_init
                0x20100584                ssi_init
                0x201005cc                b2g
                0x201005e4                g2b
                0x20100614                SystemInit
                0x20100638                get_dcA
                0x2010068c                get_dcB
                0x201006e0                vector_sync_motor_controller
 .text          0x201007ac        0x0 cos_tb.o
 .text          0x201007ac      0x730 regcur.o
                0x201007ac                mycos
                0x201007cc                mysin
                0x201007f4                update
                0x20100824                dot3
                0x20100840                abc_to_dq
                0x201008d0                dq_to_abc
                0x20100958                cord_atan
                0x20100afc                svpwm
                0x20100e74                pi_reg_cur
 .text          0x20100edc       0x14 /home/smolvik/gcc-arm-none-eabi-5_4-2016q3/lib/gcc/arm-none-eabi/5.4.1/armv6-m/libgcc.a(_thumb1_case_uqi.o)
                0x20100edc                __gnu_thumb1_case_uqi

.rodata         0x20100ef0     0x1040
 .rodata        0x20100ef0     0x1000 cos_tb.o
                0x20100ef0                cos_tb
 .rodata        0x20101ef0       0x40 regcur.o

.glue_7         0x20101f30        0x0
 .glue_7        0x20101f30        0x0 linker stubs

.glue_7t        0x20101f30        0x0
 .glue_7t       0x20101f30        0x0 linker stubs

.vfp11_veneer   0x20101f30        0x0
 .vfp11_veneer  0x20101f30        0x0 linker stubs

.v4_bx          0x20101f30        0x0
 .v4_bx         0x20101f30        0x0 linker stubs

.iplt           0x20101f30        0x0
 .iplt          0x20101f30        0x0 main.o

.rel.dyn        0x20101f30        0x0
 .rel.iplt      0x20101f30        0x0 main.o
 .rel.got       0x20101f30        0x0 main.o

.data           0x20000000        0x4
 *(.data)
 .data          0x20000000        0x4 main.o
                0x20000000                test_pwm
 .data          0x20000004        0x0 cos_tb.o
 .data          0x20000004        0x0 regcur.o
 .data          0x20000004        0x0 /home/smolvik/gcc-arm-none-eabi-5_4-2016q3/lib/gcc/arm-none-eabi/5.4.1/armv6-m/libgcc.a(_thumb1_case_uqi.o)

.igot.plt       0x20000004        0x0
 .igot.plt      0x20000004        0x0 main.o

.got            0x20000004        0x4
 .got           0x20000004        0x4 main.o

.got.plt        0x20000008        0xc
 .got.plt       0x20000008        0xc main.o
                0x20000008                _GLOBAL_OFFSET_TABLE_

.bss            0x20000014       0x2c
 *(.bss)
 .bss           0x20000014        0x4 main.o
                0x20000014                system_time
 .bss           0x20000018        0x0 cos_tb.o
 .bss           0x20000018       0x28 regcur.o
 .bss           0x20000040        0x0 /home/smolvik/gcc-arm-none-eabi-5_4-2016q3/lib/gcc/arm-none-eabi/5.4.1/armv6-m/libgcc.a(_thumb1_case_uqi.o)
LOAD main.o
LOAD cos_tb.o
LOAD regcur.o
START GROUP
LOAD /home/smolvik/gcc-arm-none-eabi-5_4-2016q3/lib/gcc/arm-none-eabi/5.4.1/armv6-m/libgcc.a
END GROUP
OUTPUT(bue_pwm.elf elf32-littlearm)

.debug_info     0x00000000     0x10c0
 .debug_info    0x00000000      0x8a2 main.o
 .debug_info    0x000008a2       0x97 cos_tb.o
 .debug_info    0x00000939      0x787 regcur.o

.debug_abbrev   0x00000000      0x4a6
 .debug_abbrev  0x00000000      0x1e8 main.o
 .debug_abbrev  0x000001e8       0x75 cos_tb.o
 .debug_abbrev  0x0000025d      0x249 regcur.o

.debug_aranges  0x00000000       0x60
 .debug_aranges
                0x00000000       0x28 main.o
 .debug_aranges
                0x00000028       0x18 cos_tb.o
 .debug_aranges
                0x00000040       0x20 regcur.o

.debug_ranges   0x00000000      0x218
 .debug_ranges  0x00000000       0x18 main.o
 .debug_ranges  0x00000018      0x200 regcur.o

.debug_line     0x00000000      0x53d
 .debug_line    0x00000000      0x220 main.o
 .debug_line    0x00000220       0x49 cos_tb.o
 .debug_line    0x00000269      0x2d4 regcur.o

.debug_str      0x00000000      0x556
 .debug_str     0x00000000      0x45f main.o
                                0x48d (size before relaxing)
 .debug_str     0x0000045f       0x10 cos_tb.o
                                0x115 (size before relaxing)
 .debug_str     0x0000046f       0xe7 regcur.o
                                0x19b (size before relaxing)

.comment        0x00000000       0x6e
 .comment       0x00000000       0x6e main.o
                                 0x6f (size before relaxing)
 .comment       0x0000006e       0x6f cos_tb.o
 .comment       0x0000006e       0x6f regcur.o

.ARM.attributes
                0x00000000       0x31
 .ARM.attributes
                0x00000000       0x31 main.o
 .ARM.attributes
                0x00000031       0x31 cos_tb.o
 .ARM.attributes
                0x00000062       0x31 regcur.o
 .ARM.attributes
                0x00000093       0x1e /home/smolvik/gcc-arm-none-eabi-5_4-2016q3/lib/gcc/arm-none-eabi/5.4.1/armv6-m/libgcc.a(_thumb1_case_uqi.o)

.debug_frame    0x00000000      0x2d0
 .debug_frame   0x00000000      0x1b4 main.o
 .debug_frame   0x000001b4      0x11c regcur.o

.debug_loc      0x00000000     0x1817
 .debug_loc     0x00000000     0x1817 regcur.o
