Archive member included to satisfy reference by file (symbol)

/home/smolvik/gcc-arm-none-eabi-5_4-2016q3/lib/gcc/arm-none-eabi/5.4.1/armv6-m/libgcc.a(_thumb1_case_uqi.o)
                              regcur.o (__gnu_thumb1_case_uqi)

Memory Configuration

Name             Origin             Length             Attributes
FLASH            0x00000000         0x00020000         xr
SRAM1            0x20000000         0x00008000         xrw
SRAM2            0x20100000         0x00004000         xrw
*default*        0x00000000         0xffffffff

Linker script and memory map


.text           0x20100000     0x1390
 *(.main_sec)
 .main_sec      0x20100000      0x448 main.o
                0x20100000                main
 *(.text)
 .text          0x20100448      0x5f4 main.o
                0x20100448                sleep
                0x2010047c                PortConfig
                0x201005b4                ClkConfig
                0x20100628                TimerConfig
                0x2010080c                adc_init
                0x2010083c                dac_init
                0x20100868                ssi_init
                0x201008b0                b2g
                0x201008c8                g2b
                0x201008f8                SystemInit
                0x2010091c                get_dcA
                0x20100970                get_dcB
                0x201009c4                wait_timer_ticks
                0x20100a00                init_pos
 .text          0x20100a3c        0x0 cos_tb.o
 .text          0x20100a3c      0x940 regcur.o
                0x20100a3c                mycos
                0x20100a5c                mysin
                0x20100a84                update
                0x20100ab4                dot3
                0x20100ad0                abc_to_dq
                0x20100b60                dq_to_abc
                0x20100be8                cord_atan
                0x20100d8c                sinpwm
                0x20100f8c                svpwm
                0x20101304                get_speed
                0x20101354                mfilter
 .text          0x2010137c       0x14 /home/smolvik/gcc-arm-none-eabi-5_4-2016q3/lib/gcc/arm-none-eabi/5.4.1/armv6-m/libgcc.a(_thumb1_case_uqi.o)
                0x2010137c                __gnu_thumb1_case_uqi

.rodata         0x20101390     0x1040
 .rodata        0x20101390     0x1000 cos_tb.o
                0x20101390                cos_tb
 .rodata        0x20102390       0x40 regcur.o

.glue_7         0x201023d0        0x0
 .glue_7        0x201023d0        0x0 linker stubs

.glue_7t        0x201023d0        0x0
 .glue_7t       0x201023d0        0x0 linker stubs

.vfp11_veneer   0x201023d0        0x0
 .vfp11_veneer  0x201023d0        0x0 linker stubs

.v4_bx          0x201023d0        0x0
 .v4_bx         0x201023d0        0x0 linker stubs

.iplt           0x201023d0        0x0
 .iplt          0x201023d0        0x0 main.o

.rel.dyn        0x201023d0        0x0
 .rel.iplt      0x201023d0        0x0 main.o
 .rel.got       0x201023d0        0x0 main.o

.data           0x20000000        0x8
 *(.data)
 .data          0x20000000        0x8 main.o
                0x20000000                test_pwm
 .data          0x20000008        0x0 cos_tb.o
 .data          0x20000008        0x0 regcur.o
 .data          0x20000008        0x0 /home/smolvik/gcc-arm-none-eabi-5_4-2016q3/lib/gcc/arm-none-eabi/5.4.1/armv6-m/libgcc.a(_thumb1_case_uqi.o)

.igot.plt       0x20000008        0x0
 .igot.plt      0x20000008        0x0 main.o

.got            0x20000008        0x4
 .got           0x20000008        0x4 main.o

.got.plt        0x2000000c        0xc
 .got.plt       0x2000000c        0xc main.o
                0x2000000c                _GLOBAL_OFFSET_TABLE_

.bss            0x20000018       0x9c
 *(.bss)
 .bss           0x20000018        0xc main.o
                0x20000018                refpos
                0x2000001c                reflinpos
                0x20000020                system_time
 .bss           0x20000024        0x0 cos_tb.o
 .bss           0x20000024       0x90 regcur.o
 .bss           0x200000b4        0x0 /home/smolvik/gcc-arm-none-eabi-5_4-2016q3/lib/gcc/arm-none-eabi/5.4.1/armv6-m/libgcc.a(_thumb1_case_uqi.o)
LOAD main.o
LOAD cos_tb.o
LOAD regcur.o
START GROUP
LOAD /home/smolvik/gcc-arm-none-eabi-5_4-2016q3/lib/gcc/arm-none-eabi/5.4.1/armv6-m/libgcc.a
END GROUP
OUTPUT(bue_pwm.elf elf32-littlearm)

.debug_info     0x00000000     0x11d0
 .debug_info    0x00000000      0x93c main.o
 .debug_info    0x0000093c       0x97 cos_tb.o
 .debug_info    0x000009d3      0x7fd regcur.o

.debug_abbrev   0x00000000      0x497
 .debug_abbrev  0x00000000      0x1f3 main.o
 .debug_abbrev  0x000001f3       0x75 cos_tb.o
 .debug_abbrev  0x00000268      0x22f regcur.o

.debug_aranges  0x00000000       0x60
 .debug_aranges
                0x00000000       0x28 main.o
 .debug_aranges
                0x00000028       0x18 cos_tb.o
 .debug_aranges
                0x00000040       0x20 regcur.o

.debug_ranges   0x00000000      0x238
 .debug_ranges  0x00000000       0x18 main.o
 .debug_ranges  0x00000018      0x220 regcur.o

.debug_line     0x00000000      0x637
 .debug_line    0x00000000      0x28f main.o
 .debug_line    0x0000028f       0x49 cos_tb.o
 .debug_line    0x000002d8      0x35f regcur.o

.debug_str      0x00000000      0x5b8
 .debug_str     0x00000000      0x4a4 main.o
                                0x4df (size before relaxing)
 .debug_str     0x000004a4       0x10 cos_tb.o
                                0x115 (size before relaxing)
 .debug_str     0x000004b4      0x104 regcur.o
                                0x1a9 (size before relaxing)

.comment        0x00000000       0x6e
 .comment       0x00000000       0x6e main.o
                                 0x6f (size before relaxing)
 .comment       0x0000006e       0x6f cos_tb.o
 .comment       0x0000006e       0x6f regcur.o

.ARM.attributes
                0x00000000       0x31
 .ARM.attributes
                0x00000000       0x31 main.o
 .ARM.attributes
                0x00000031       0x31 cos_tb.o
 .ARM.attributes
                0x00000062       0x31 regcur.o
 .ARM.attributes
                0x00000093       0x1e /home/smolvik/gcc-arm-none-eabi-5_4-2016q3/lib/gcc/arm-none-eabi/5.4.1/armv6-m/libgcc.a(_thumb1_case_uqi.o)

.debug_frame    0x00000000      0x330
 .debug_frame   0x00000000      0x1d4 main.o
 .debug_frame   0x000001d4      0x15c regcur.o

.debug_loc      0x00000000     0x209f
 .debug_loc     0x00000000     0x209f regcur.o
