Archive member included to satisfy reference by file (symbol)

/home/smolvik/gcc-arm-none-eabi-5_4-2016q3/lib/gcc/arm-none-eabi/5.4.1/armv6-m/libgcc.a(_thumb1_case_uqi.o)
                              regcur.o (__gnu_thumb1_case_uqi)

Memory Configuration

Name             Origin             Length             Attributes
FLASH            0x00000000         0x00020000         xr
SRAM1            0x20000000         0x00008000         xrw
SRAM2            0x20100000         0x00004000         xrw
*default*        0x00000000         0xffffffff

Linker script and memory map


.text           0x20100000     0x11c4
 *(.main_sec)
 .main_sec      0x20100000      0x1ec main.o
                0x20100000                main
 *(.text)
 .text          0x201001ec      0x694 main.o
                0x201001ec                sleep
                0x20100220                PortConfig
                0x20100368                ClkConfig
                0x201003dc                TimerConfig
                0x201005c0                adc_init
                0x201005f0                dac_init
                0x2010061c                ssi_init
                0x20100664                b2g
                0x2010067c                g2b
                0x201006ac                SystemInit
                0x201006d0                get_dcA
                0x20100724                get_dcB
                0x20100778                vector_sync_motor_controller
                0x20100844                wait_timer_ticks
 .text          0x20100880        0x0 cos_tb.o
 .text          0x20100880      0x930 regcur.o
                0x20100880                mycos
                0x201008a0                mysin
                0x201008c8                update
                0x201008f8                dot3
                0x20100914                abc_to_dq
                0x201009a4                dq_to_abc
                0x20100a2c                cord_atan
                0x20100bd0                sinpwm
                0x20100dd0                svpwm
                0x20101148                pi_reg_cur
 .text          0x201011b0       0x14 /home/smolvik/gcc-arm-none-eabi-5_4-2016q3/lib/gcc/arm-none-eabi/5.4.1/armv6-m/libgcc.a(_thumb1_case_uqi.o)
                0x201011b0                __gnu_thumb1_case_uqi

.rodata         0x201011c4     0x1040
 .rodata        0x201011c4     0x1000 cos_tb.o
                0x201011c4                cos_tb
 .rodata        0x201021c4       0x40 regcur.o

.glue_7         0x20102204        0x0
 .glue_7        0x20102204        0x0 linker stubs

.glue_7t        0x20102204        0x0
 .glue_7t       0x20102204        0x0 linker stubs

.vfp11_veneer   0x20102204        0x0
 .vfp11_veneer  0x20102204        0x0 linker stubs

.v4_bx          0x20102204        0x0
 .v4_bx         0x20102204        0x0 linker stubs

.iplt           0x20102204        0x0
 .iplt          0x20102204        0x0 main.o

.rel.dyn        0x20102204        0x0
 .rel.iplt      0x20102204        0x0 main.o
 .rel.got       0x20102204        0x0 main.o

.data           0x20000000        0x4
 *(.data)
 .data          0x20000000        0x4 main.o
                0x20000000                test_pwm
 .data          0x20000004        0x0 cos_tb.o
 .data          0x20000004        0x0 regcur.o
 .data          0x20000004        0x0 /home/smolvik/gcc-arm-none-eabi-5_4-2016q3/lib/gcc/arm-none-eabi/5.4.1/armv6-m/libgcc.a(_thumb1_case_uqi.o)

.igot.plt       0x20000004        0x0
 .igot.plt      0x20000004        0x0 main.o

.got            0x20000004        0x4
 .got           0x20000004        0x4 main.o

.got.plt        0x20000008        0xc
 .got.plt       0x20000008        0xc main.o
                0x20000008                _GLOBAL_OFFSET_TABLE_

.bss            0x20000014       0x2c
 *(.bss)
 .bss           0x20000014        0x4 main.o
                0x20000014                system_time
 .bss           0x20000018        0x0 cos_tb.o
 .bss           0x20000018       0x28 regcur.o
 .bss           0x20000040        0x0 /home/smolvik/gcc-arm-none-eabi-5_4-2016q3/lib/gcc/arm-none-eabi/5.4.1/armv6-m/libgcc.a(_thumb1_case_uqi.o)
LOAD main.o
LOAD cos_tb.o
LOAD regcur.o
START GROUP
LOAD /home/smolvik/gcc-arm-none-eabi-5_4-2016q3/lib/gcc/arm-none-eabi/5.4.1/armv6-m/libgcc.a
END GROUP
OUTPUT(bue_pwm.elf elf32-littlearm)

.debug_info     0x00000000     0x1226
 .debug_info    0x00000000      0x8d3 main.o
 .debug_info    0x000008d3       0x97 cos_tb.o
 .debug_info    0x0000096a      0x8bc regcur.o

.debug_abbrev   0x00000000      0x4d1
 .debug_abbrev  0x00000000      0x202 main.o
 .debug_abbrev  0x00000202       0x75 cos_tb.o
 .debug_abbrev  0x00000277      0x25a regcur.o

.debug_aranges  0x00000000       0x60
 .debug_aranges
                0x00000000       0x28 main.o
 .debug_aranges
                0x00000028       0x18 cos_tb.o
 .debug_aranges
                0x00000040       0x20 regcur.o

.debug_ranges   0x00000000      0x268
 .debug_ranges  0x00000000       0x18 main.o
 .debug_ranges  0x00000018      0x250 regcur.o

.debug_line     0x00000000      0x5f9
 .debug_line    0x00000000      0x243 main.o
 .debug_line    0x00000243       0x49 cos_tb.o
 .debug_line    0x0000028c      0x36d regcur.o

.debug_str      0x00000000      0x56e
 .debug_str     0x00000000      0x470 main.o
                                0x49e (size before relaxing)
 .debug_str     0x00000470       0x10 cos_tb.o
                                0x115 (size before relaxing)
 .debug_str     0x00000480       0xee regcur.o
                                0x1a2 (size before relaxing)

.comment        0x00000000       0x6e
 .comment       0x00000000       0x6e main.o
                                 0x6f (size before relaxing)
 .comment       0x0000006e       0x6f cos_tb.o
 .comment       0x0000006e       0x6f regcur.o

.ARM.attributes
                0x00000000       0x31
 .ARM.attributes
                0x00000000       0x31 main.o
 .ARM.attributes
                0x00000031       0x31 cos_tb.o
 .ARM.attributes
                0x00000062       0x31 regcur.o
 .ARM.attributes
                0x00000093       0x1e /home/smolvik/gcc-arm-none-eabi-5_4-2016q3/lib/gcc/arm-none-eabi/5.4.1/armv6-m/libgcc.a(_thumb1_case_uqi.o)

.debug_frame    0x00000000      0x31c
 .debug_frame   0x00000000      0x1d4 main.o
 .debug_frame   0x000001d4      0x148 regcur.o

.debug_loc      0x00000000     0x20d1
 .debug_loc     0x00000000     0x20d1 regcur.o
