Archive member included to satisfy reference by file (symbol)

/home/smolvik/gcc-arm-none-eabi-5_4-2016q3/lib/gcc/arm-none-eabi/5.4.1/armv6-m/libgcc.a(_thumb1_case_uqi.o)
                              regcur.o (__gnu_thumb1_case_uqi)

Memory Configuration

Name             Origin             Length             Attributes
FLASH            0x00000000         0x00020000         xr
SRAM1            0x20000000         0x00008000         xrw
SRAM2            0x20100000         0x00004000         xrw
*default*        0x00000000         0xffffffff

Linker script and memory map


.text           0x20100000     0x1364
 *(.main_sec)
 .main_sec      0x20100000      0x3f8 main.o
                0x20100000                main
 *(.text)
 .text          0x201003f8      0x618 main.o
                0x201003f8                sleep
                0x2010042c                PortConfig
                0x20100564                ClkConfig
                0x201005d8                TimerConfig
                0x201007bc                adc_init
                0x201007ec                dac_init
                0x20100818                ssi_init
                0x20100860                b2g
                0x20100878                g2b
                0x201008a8                SystemInit
                0x201008cc                get_dcA
                0x20100920                get_dcB
                0x20100974                wait_timer_ticks
                0x201009b0                init_pos
                0x201009ec                debug_signal
 .text          0x20100a10        0x0 cos_tb.o
 .text          0x20100a10      0x940 regcur.o
                0x20100a10                mycos
                0x20100a30                mysin
                0x20100a58                update
                0x20100a88                dot3
                0x20100aa4                abc_to_dq
                0x20100b34                dq_to_abc
                0x20100bbc                cord_atan
                0x20100d60                sinpwm
                0x20100f60                svpwm
                0x201012d8                get_speed
                0x20101328                mfilter
 .text          0x20101350       0x14 /home/smolvik/gcc-arm-none-eabi-5_4-2016q3/lib/gcc/arm-none-eabi/5.4.1/armv6-m/libgcc.a(_thumb1_case_uqi.o)
                0x20101350                __gnu_thumb1_case_uqi

.rodata         0x20101364     0x1040
 .rodata        0x20101364     0x1000 cos_tb.o
                0x20101364                cos_tb
 .rodata        0x20102364       0x40 regcur.o

.glue_7         0x201023a4        0x0
 .glue_7        0x201023a4        0x0 linker stubs

.glue_7t        0x201023a4        0x0
 .glue_7t       0x201023a4        0x0 linker stubs

.vfp11_veneer   0x201023a4        0x0
 .vfp11_veneer  0x201023a4        0x0 linker stubs

.v4_bx          0x201023a4        0x0
 .v4_bx         0x201023a4        0x0 linker stubs

.iplt           0x201023a4        0x0
 .iplt          0x201023a4        0x0 main.o

.rel.dyn        0x201023a4        0x0
 .rel.iplt      0x201023a4        0x0 main.o
 .rel.got       0x201023a4        0x0 main.o

.data           0x20000000        0x4
 *(.data)
 .data          0x20000000        0x4 main.o
                0x20000000                test_pwm
 .data          0x20000004        0x0 cos_tb.o
 .data          0x20000004        0x0 regcur.o
 .data          0x20000004        0x0 /home/smolvik/gcc-arm-none-eabi-5_4-2016q3/lib/gcc/arm-none-eabi/5.4.1/armv6-m/libgcc.a(_thumb1_case_uqi.o)

.igot.plt       0x20000004        0x0
 .igot.plt      0x20000004        0x0 main.o

.got            0x20000004        0x4
 .got           0x20000004        0x4 main.o

.got.plt        0x20000008        0xc
 .got.plt       0x20000008        0xc main.o
                0x20000008                _GLOBAL_OFFSET_TABLE_

.bss            0x20000014       0x9c
 *(.bss)
 .bss           0x20000014        0xc main.o
                0x20000014                refpos
                0x20000018                reflinpos
                0x2000001c                system_time
 .bss           0x20000020        0x0 cos_tb.o
 .bss           0x20000020       0x90 regcur.o
 .bss           0x200000b0        0x0 /home/smolvik/gcc-arm-none-eabi-5_4-2016q3/lib/gcc/arm-none-eabi/5.4.1/armv6-m/libgcc.a(_thumb1_case_uqi.o)
LOAD main.o
LOAD cos_tb.o
LOAD regcur.o
START GROUP
LOAD /home/smolvik/gcc-arm-none-eabi-5_4-2016q3/lib/gcc/arm-none-eabi/5.4.1/armv6-m/libgcc.a
END GROUP
OUTPUT(bue_pwm.elf elf32-littlearm)

.debug_info     0x00000000     0x11d8
 .debug_info    0x00000000      0x944 main.o
 .debug_info    0x00000944       0x97 cos_tb.o
 .debug_info    0x000009db      0x7fd regcur.o

.debug_abbrev   0x00000000      0x48e
 .debug_abbrev  0x00000000      0x1ea main.o
 .debug_abbrev  0x000001ea       0x75 cos_tb.o
 .debug_abbrev  0x0000025f      0x22f regcur.o

.debug_aranges  0x00000000       0x60
 .debug_aranges
                0x00000000       0x28 main.o
 .debug_aranges
                0x00000028       0x18 cos_tb.o
 .debug_aranges
                0x00000040       0x20 regcur.o

.debug_ranges   0x00000000      0x238
 .debug_ranges  0x00000000       0x18 main.o
 .debug_ranges  0x00000018      0x220 regcur.o

.debug_line     0x00000000      0x635
 .debug_line    0x00000000      0x28d main.o
 .debug_line    0x0000028d       0x49 cos_tb.o
 .debug_line    0x000002d6      0x35f regcur.o

.debug_str      0x00000000      0x5c0
 .debug_str     0x00000000      0x4ac main.o
                                0x4e7 (size before relaxing)
 .debug_str     0x000004ac       0x10 cos_tb.o
                                0x115 (size before relaxing)
 .debug_str     0x000004bc      0x104 regcur.o
                                0x1a9 (size before relaxing)

.comment        0x00000000       0x6e
 .comment       0x00000000       0x6e main.o
                                 0x6f (size before relaxing)
 .comment       0x0000006e       0x6f cos_tb.o
 .comment       0x0000006e       0x6f regcur.o

.ARM.attributes
                0x00000000       0x31
 .ARM.attributes
                0x00000000       0x31 main.o
 .ARM.attributes
                0x00000031       0x31 cos_tb.o
 .ARM.attributes
                0x00000062       0x31 regcur.o
 .ARM.attributes
                0x00000093       0x1e /home/smolvik/gcc-arm-none-eabi-5_4-2016q3/lib/gcc/arm-none-eabi/5.4.1/armv6-m/libgcc.a(_thumb1_case_uqi.o)

.debug_frame    0x00000000      0x350
 .debug_frame   0x00000000      0x1f4 main.o
 .debug_frame   0x000001f4      0x15c regcur.o

.debug_loc      0x00000000     0x209f
 .debug_loc     0x00000000     0x209f regcur.o
